Archive member included to satisfy reference by file (symbol)

../../libdaisy/build\libdaisy.a(daisy_petal.o)
                              build/flanger_reverb_looper.o (daisy::DaisyPetal::DelayMs(unsigned int))
../../libdaisy/build\libdaisy.a(daisy_seed.o)
                              ../../libdaisy/build\libdaisy.a(daisy_petal.o) (daisy::DaisySeed::Configure())
../../libdaisy/build\libdaisy.a(codec_ak4556.o)
                              ../../libdaisy/build\libdaisy.a(daisy_seed.o) (daisy::Ak4556::Init(dsy_gpio_pin))
../../libdaisy/build\libdaisy.a(sdram.o)
                              ../../libdaisy/build\libdaisy.a(daisy_seed.o) (dsy_sdram_init)
../../libdaisy/build\libdaisy.a(audio.o)
                              ../../libdaisy/build\libdaisy.a(daisy_seed.o) (daisy::AudioHandle::Init(daisy::AudioHandle::Config const&, daisy::SaiHandle))
../../libdaisy/build\libdaisy.a(ctrl.o)
                              ../../libdaisy/build\libdaisy.a(daisy_petal.o) (daisy::AnalogControl::Init(unsigned short*, float, bool, bool, float))
../../libdaisy/build\libdaisy.a(encoder.o)
                              ../../libdaisy/build\libdaisy.a(daisy_petal.o) (daisy::Encoder::Init(dsy_gpio_pin, dsy_gpio_pin, dsy_gpio_pin, float))
../../libdaisy/build\libdaisy.a(parameter.o)
                              build/flanger_reverb_looper.o (daisy::Parameter::Init(daisy::AnalogControl, float, float, daisy::Parameter::Curve))
../../libdaisy/build\libdaisy.a(switch.o)
                              ../../libdaisy/build\libdaisy.a(daisy_petal.o) (daisy::Switch::Init(dsy_gpio_pin, float))
../../libdaisy/build\libdaisy.a(adc.o)
                              ../../libdaisy/build\libdaisy.a(daisy_petal.o) (daisy::AdcChannelConfig::InitSingle(dsy_gpio_pin))
../../libdaisy/build\libdaisy.a(gpio.o)
                              ../../libdaisy/build\libdaisy.a(daisy_petal.o) (dsy_gpio_init)
../../libdaisy/build\libdaisy.a(i2c.o)
                              ../../libdaisy/build\libdaisy.a(daisy_petal.o) (daisy::I2CHandle::Init(daisy::I2CHandle::Config const&))
../../libdaisy/build\libdaisy.a(qspi.o)
                              ../../libdaisy/build\libdaisy.a(daisy_seed.o) (dsy_qspi_init)
../../libdaisy/build\libdaisy.a(sai.o)
                              ../../libdaisy/build\libdaisy.a(daisy_seed.o) (daisy::SaiHandle::Init(daisy::SaiHandle::Config const&))
../../libdaisy/build\libdaisy.a(system.o)
                              ../../libdaisy/build\libdaisy.a(daisy_petal.o) (daisy::System::Delay(unsigned long))
../../libdaisy/build\libdaisy.a(system_stm32h7xx.o)
                              build/startup_stm32h750xx.o (SystemInit)
../../libdaisy/build\libdaisy.a(hal_map.o)
                              ../../libdaisy/build\libdaisy.a(sdram.o) (dsy_hal_map_get_port)
../../libdaisy/build\libdaisy.a(stm32h7xx_hal.o)
                              ../../libdaisy/build\libdaisy.a(system.o) (HAL_Init)
../../libdaisy/build\libdaisy.a(stm32h7xx_hal_adc.o)
                              ../../libdaisy/build\libdaisy.a(adc.o) (HAL_ADC_ConfigChannel)
../../libdaisy/build\libdaisy.a(stm32h7xx_hal_adc_ex.o)
                              ../../libdaisy/build\libdaisy.a(adc.o) (HAL_ADCEx_Calibration_Start)
../../libdaisy/build\libdaisy.a(stm32h7xx_hal_cortex.o)
                              ../../libdaisy/build\libdaisy.a(stm32h7xx_hal.o) (HAL_NVIC_SetPriorityGrouping)
../../libdaisy/build\libdaisy.a(stm32h7xx_hal_dma.o)
                              ../../libdaisy/build\libdaisy.a(adc.o) (HAL_DMA_Init)
../../libdaisy/build\libdaisy.a(stm32h7xx_hal_gpio.o)
                              ../../libdaisy/build\libdaisy.a(sdram.o) (HAL_GPIO_Init)
../../libdaisy/build\libdaisy.a(stm32h7xx_hal_i2c.o)
                              ../../libdaisy/build\libdaisy.a(i2c.o) (HAL_I2C_Init)
../../libdaisy/build\libdaisy.a(stm32h7xx_hal_i2c_ex.o)
                              ../../libdaisy/build\libdaisy.a(i2c.o) (HAL_I2CEx_ConfigAnalogFilter)
../../libdaisy/build\libdaisy.a(stm32h7xx_hal_pwr_ex.o)
                              ../../libdaisy/build\libdaisy.a(system.o) (HAL_PWREx_ConfigSupply)
../../libdaisy/build\libdaisy.a(stm32h7xx_hal_qspi.o)
                              ../../libdaisy/build\libdaisy.a(qspi.o) (HAL_QSPI_Init)
../../libdaisy/build\libdaisy.a(stm32h7xx_hal_rcc.o)
                              ../../libdaisy/build\libdaisy.a(system.o) (HAL_RCC_OscConfig)
../../libdaisy/build\libdaisy.a(stm32h7xx_hal_rcc_ex.o)
                              ../../libdaisy/build\libdaisy.a(system.o) (HAL_RCCEx_PeriphCLKConfig)
../../libdaisy/build\libdaisy.a(stm32h7xx_hal_sai.o)
                              ../../libdaisy/build\libdaisy.a(sai.o) (HAL_SAI_InitProtocol)
../../libdaisy/build\libdaisy.a(stm32h7xx_hal_sdram.o)
                              ../../libdaisy/build\libdaisy.a(sdram.o) (HAL_SDRAM_Init)
../../libdaisy/build\libdaisy.a(stm32h7xx_ll_fmc.o)
                              ../../libdaisy/build\libdaisy.a(stm32h7xx_hal_sdram.o) (FMC_SDRAM_Init)
[...]
Memory Configuration

Name             Origin             Length             Attributes
FLASH            0x08000000         0x00020000         xr
DTCMRAM          0x20000000         0x00020000         xrw
SRAM             0x24000000         0x00080000         xrw
RAM_D2           0x30000000         0x00048000         xrw
RAM_D3           0x38000000         0x00010000         xrw
ITCMRAM          0x00000000         0x00010000         xrw
SDRAM            0xc0000000         0x04000000         xrw
QSPIFLASH        0x90000000         0x00800000         xr
*default*        0x00000000         0xffffffff

Linker script and memory map

LOAD d:/gnu_arm_embedded_toolchain/10_2020-q4-major/bin/../lib/gcc/arm-none-eabi/10.2.1/thumb/v7e-m+dp/hard/crti.o
LOAD d:/gnu_arm_embedded_toolchain/10_2020-q4-major/bin/../lib/gcc/arm-none-eabi/10.2.1/thumb/v7e-m+dp/hard/crtbegin.o
LOAD d:/gnu_arm_embedded_toolchain/10_2020-q4-major/bin/../lib/gcc/arm-none-eabi/10.2.1/../../../../arm-none-eabi/lib/thumb/v7e-m+dp/hard/crt0.o
LOAD build/startup_stm32h750xx.o
LOAD build/diskio.o
LOAD build/ff.o
LOAD build/ff_gen_drv.o
LOAD build/ccsbcs.o
LOAD build/flanger_reverb_looper.o
LOAD ../../libdaisy/build\libdaisy.a
LOAD d:/gnu_arm_embedded_toolchain/10_2020-q4-major/bin/../lib/gcc/arm-none-eabi/10.2.1/../../../../arm-none-eabi/lib/thumb/v7e-m+dp/hard\libnosys.a
LOAD ../../DaisySP/build\libdaisysp.a
LOAD d:/gnu_arm_embedded_toolchain/10_2020-q4-major/bin/../lib/gcc/arm-none-eabi/10.2.1/../../../../arm-none-eabi/lib/thumb/v7e-m+dp/hard\libstdc++_nano.a
LOAD d:/gnu_arm_embedded_toolchain/10_2020-q4-major/bin/../lib/gcc/arm-none-eabi/10.2.1/../../../../arm-none-eabi/lib/thumb/v7e-m+dp/hard\libm.a
LOAD d:/gnu_arm_embedded_toolchain/10_2020-q4-major/bin/../lib/gcc/arm-none-eabi/10.2.1/../../../../arm-none-eabi/lib/thumb/v7e-m+dp/hard\libc_nano.a
START GROUP
LOAD d:/gnu_arm_embedded_toolchain/10_2020-q4-major/bin/../lib/gcc/arm-none-eabi/10.2.1/thumb/v7e-m+dp/hard\libgcc.a
LOAD d:/gnu_arm_embedded_toolchain/10_2020-q4-major/bin/../lib/gcc/arm-none-eabi/10.2.1/../../../../arm-none-eabi/lib/thumb/v7e-m+dp/hard\libc_nano.a
END GROUP
START GROUP
LOAD d:/gnu_arm_embedded_toolchain/10_2020-q4-major/bin/../lib/gcc/arm-none-eabi/10.2.1/thumb/v7e-m+dp/hard\libgcc.a
LOAD d:/gnu_arm_embedded_toolchain/10_2020-q4-major/bin/../lib/gcc/arm-none-eabi/10.2.1/../../../../arm-none-eabi/lib/thumb/v7e-m+dp/hard\libc_nano.a
LOAD d:/gnu_arm_embedded_toolchain/10_2020-q4-major/bin/../lib/gcc/arm-none-eabi/10.2.1/../../../../arm-none-eabi/lib/thumb/v7e-m+dp/hard\libnosys.a
END GROUP
START GROUP
LOAD d:/gnu_arm_embedded_toolchain/10_2020-q4-major/bin/../lib/gcc/arm-none-eabi/10.2.1/thumb/v7e-m+dp/hard\libgcc.a
LOAD d:/gnu_arm_embedded_toolchain/10_2020-q4-major/bin/../lib/gcc/arm-none-eabi/10.2.1/../../../../arm-none-eabi/lib/thumb/v7e-m+dp/hard\libc_nano.a
LOAD d:/gnu_arm_embedded_toolchain/10_2020-q4-major/bin/../lib/gcc/arm-none-eabi/10.2.1/../../../../arm-none-eabi/lib/thumb/v7e-m+dp/hard\libnosys.a
END GROUP
LOAD d:/gnu_arm_embedded_toolchain/10_2020-q4-major/bin/../lib/gcc/arm-none-eabi/10.2.1/thumb/v7e-m+dp/hard/crtend.o
LOAD d:/gnu_arm_embedded_toolchain/10_2020-q4-major/bin/../lib/gcc/arm-none-eabi/10.2.1/thumb/v7e-m+dp/hard/crtn.o
                0x20020000                _estack = 0x20020000

.isr_vector     0x08000000      0x298
                0x08000000                . = ALIGN (0x4)
 *(.isr_vector)
 .isr_vector    0x08000000      0x298 build/startup_stm32h750xx.o
                0x08000000                g_pfnVectors
                0x08000298                . = ALIGN (0x4)

.text           0x08000298     0xca90
                0x08000298                . = ALIGN (0x4)
                0x08000298                _stext = .
 *(.text)
 .text          0x08000298       0x40 d:/gnu_arm_embedded_toolchain/10_2020-q4-major/bin/../lib/gcc/arm-none-eabi/10.2.1/thumb/v7e-m+dp/hard/crtbegin.o
 .text          0x080002d8      0x378 d:/gnu_arm_embedded_toolchain/10_2020-q4-major/bin/../lib/gcc/arm-none-eabi/10.2.1/thumb/v7e-m+dp/hard\libgcc.a(_arm_addsubdf3.o)
                0x080002d8                __aeabi_drsub
                0x080002e0                __aeabi_dsub
                0x080002e0                __subdf3
                0x080002e4                __aeabi_dadd
                0x080002e4                __adddf3
                0x0800055c                __floatunsidf
                0x0800055c                __aeabi_ui2d
                0x0800057c                __floatsidf
                0x0800057c                __aeabi_i2d
                0x080005a0                __aeabi_f2d
                0x080005a0                __extendsfdf2
                0x080005e4                __floatundidf
                0x080005e4                __aeabi_ul2d
                0x080005f4                __floatdidf
                0x080005f4                __aeabi_l2d
 *(.text*)
 .text.Default_Handler
                0x08000650        0x4 build/startup_stm32h750xx.o
                0x08000650                RTC_Alarm_IRQHandler
                0x08000650                HASH_RNG_IRQHandler
                0x08000650                EXTI2_IRQHandler
                0x08000650                TIM8_CC_IRQHandler
                0x08000650                HRTIM1_Master_IRQHandler
                0x08000650                DebugMon_Handler
                0x08000650                UART8_IRQHandler
                0x08000650                SPI4_IRQHandler
                0x08000650                TIM1_CC_IRQHandler
                0x08000650                BDMA_Channel6_IRQHandler
                0x08000650                DMA2_Stream5_IRQHandler
                0x08000650                HRTIM1_FLT_IRQHandler
                0x08000650                JPEG_IRQHandler
                0x08000650                DMA1_Stream5_IRQHandler
                0x08000650                BDMA_Channel1_IRQHandler
                0x08000650                HRTIM1_TIMD_IRQHandler
                0x08000650                TAMP_STAMP_IRQHandler
                0x08000650                PendSV_Handler
                0x08000650                NMI_Handler
                0x08000650                EXTI3_IRQHandler
                0x08000650                LPTIM4_IRQHandler
                0x08000650                TIM8_TRG_COM_TIM14_IRQHandler
                0x08000650                LPTIM2_IRQHandler
                0x08000650                DFSDM1_FLT1_IRQHandler
                0x08000650                DMAMUX2_OVR_IRQHandler
                0x08000650                TIM8_UP_TIM13_IRQHandler
                0x08000650                I2C3_ER_IRQHandler
                0x08000650                DFSDM1_FLT2_IRQHandler
                0x08000650                MDMA_IRQHandler
                0x08000650                LPTIM3_IRQHandler
                0x08000650                HSEM1_IRQHandler
                0x08000650                EXTI0_IRQHandler
                0x08000650                FPU_IRQHandler
                0x08000650                OTG_HS_WKUP_IRQHandler
                0x08000650                FDCAN1_IT1_IRQHandler
                0x08000650                UsageFault_Handler
                0x08000650                LTDC_ER_IRQHandler
                0x08000650                DMA2_Stream2_IRQHandler
                0x08000650                HRTIM1_TIME_IRQHandler
                0x08000650                SPI1_IRQHandler
                0x08000650                TIM6_DAC_IRQHandler
                0x08000650                DCMI_IRQHandler
                0x08000650                HRTIM1_TIMC_IRQHandler
                0x08000650                DMA2_Stream3_IRQHandler
                0x08000650                SAI2_IRQHandler
                0x08000650                DFSDM1_FLT3_IRQHandler
                0x08000650                USART6_IRQHandler
                0x08000650                TIM17_IRQHandler
                0x08000650                USART3_IRQHandler
                0x08000650                CRYP_IRQHandler
                0x08000650                BDMA_Channel7_IRQHandler
                0x08000650                LPTIM5_IRQHandler
                0x08000650                UART5_IRQHandler
                0x08000650                ADC3_IRQHandler
                0x08000650                DMA2_Stream0_IRQHandler
                0x08000650                TIM4_IRQHandler
                0x08000650                BDMA_Channel2_IRQHandler
                0x08000650                DMAMUX1_OVR_IRQHandler
                0x08000650                TIM16_IRQHandler
                0x08000650                UART4_IRQHandler
                0x08000650                BDMA_Channel5_IRQHandler
                0x08000650                TIM3_IRQHandler
                0x08000650                RCC_IRQHandler
                0x08000650                TIM8_BRK_TIM12_IRQHandler
                0x08000650                TIM1_TRG_COM_IRQHandler
                0x08000650                Default_Handler
                0x08000650                ECC_IRQHandler
                0x08000650                CEC_IRQHandler
                0x08000650                EXTI15_10_IRQHandler
                0x08000650                BDMA_Channel0_IRQHandler
                0x08000650                ADC_IRQHandler
                0x08000650                DMA1_Stream7_IRQHandler
                0x08000650                HRTIM1_TIMA_IRQHandler
                0x08000650                SPI5_IRQHandler
                0x08000650                TIM7_IRQHandler
                0x08000650                SDMMC1_IRQHandler
                0x08000650                TIM5_IRQHandler
                0x08000650                DMA2_Stream7_IRQHandler
                0x08000650                TIM15_IRQHandler
                0x08000650                PVD_AVD_IRQHandler
                0x08000650                EXTI9_5_IRQHandler
                0x08000650                RTC_WKUP_IRQHandler
                0x08000650                LTDC_IRQHandler
                0x08000650                SAI3_IRQHandler
                0x08000650                ETH_WKUP_IRQHandler
                0x08000650                SPDIF_RX_IRQHandler
                0x08000650                SPI2_IRQHandler
                0x08000650                OTG_HS_EP1_IN_IRQHandler
                0x08000650                MemManage_Handler
                0x08000650                SVC_Handler
                0x08000650                CRS_IRQHandler
                0x08000650                EXTI4_IRQHandler
                0x08000650                HRTIM1_TIMB_IRQHandler
                0x08000650                FDCAN2_IT1_IRQHandler
                0x08000650                ETH_IRQHandler
                0x08000650                TIM1_UP_IRQHandler
                0x08000650                BDMA_Channel4_IRQHandler
                0x08000650                OTG_HS_EP1_OUT_IRQHandler
                0x08000650                WWDG_IRQHandler
                0x08000650                SPI6_IRQHandler
                0x08000650                I2C4_EV_IRQHandler
                0x08000650                MDIOS_IRQHandler
                0x08000650                FDCAN2_IT0_IRQHandler
                0x08000650                LPUART1_IRQHandler
                0x08000650                FDCAN1_IT0_IRQHandler
                0x08000650                TIM2_IRQHandler
                0x08000650                OTG_FS_WKUP_IRQHandler
                0x08000650                OTG_HS_IRQHandler
                0x08000650                DMA2D_IRQHandler
                0x08000650                TIM1_BRK_IRQHandler
                0x08000650                EXTI1_IRQHandler
                0x08000650                SDMMC2_IRQHandler
                0x08000650                OTG_FS_EP1_OUT_IRQHandler
                0x08000650                BDMA_Channel3_IRQHandler
                0x08000650                UART7_IRQHandler
                0x08000650                MDIOS_WKUP_IRQHandler
                0x08000650                USART2_IRQHandler
                0x08000650                DFSDM1_FLT0_IRQHandler
                0x08000650                SAI4_IRQHandler
                0x08000650                I2C2_ER_IRQHandler
                0x08000650                DMA2_Stream1_IRQHandler
                0x08000650                FLASH_IRQHandler
                0x08000650                DMA2_Stream4_IRQHandler
                0x08000650                BusFault_Handler
                0x08000650                USART1_IRQHandler
                0x08000650                OTG_FS_IRQHandler
                0x08000650                SPI3_IRQHandler
                0x08000650                WAKEUP_PIN_IRQHandler
                0x08000650                OTG_FS_EP1_IN_IRQHandler
                0x08000650                I2C1_ER_IRQHandler
                0x08000650                FMC_IRQHandler
                0x08000650                FDCAN_CAL_IRQHandler
                0x08000650                SWPMI1_IRQHandler
                0x08000650                COMP1_IRQHandler
                0x08000650                LPTIM1_IRQHandler
                0x08000650                I2C4_ER_IRQHandler
                0x08000650                DMA2_Stream6_IRQHandler
                0x08000650                SAI1_IRQHandler
 .text.Reset_Handler
                0x08000654       0x44 build/startup_stm32h750xx.o
                0x08000654                Reset_Handler
 .text._ZN5daisy9ParameterD2Ev
                0x08000698        0x4 build/flanger_reverb_looper.o
                0x08000698                daisy::Parameter::~Parameter()
                0x08000698                daisy::Parameter::~Parameter()
 .text._ZN5daisy10DaisyPetalD2Ev
                0x0800069c        0x4 build/flanger_reverb_looper.o
                0x0800069c                daisy::DaisyPetal::~DaisyPetal()
                0x0800069c                daisy::DaisyPetal::~DaisyPetal()
 .text._ZN7daisysp8ReverbScD2Ev
                0x080006a0        0x4 build/flanger_reverb_looper.o
                0x080006a0                daisysp::ReverbSc::~ReverbSc()
                0x080006a0                daisysp::ReverbSc::~ReverbSc()
 .text._ZN7daisysp4ToneD2Ev
                0x080006a4        0x4 build/flanger_reverb_looper.o
                0x080006a4                daisysp::Tone::~Tone()
                0x080006a4                daisysp::Tone::~Tone()
 .text._ZN7daisysp7FlangerD2Ev
                0x080006a8        0x4 build/flanger_reverb_looper.o
                0x080006a8                daisysp::Flanger::~Flanger()
                0x080006a8                daisysp::Flanger::~Flanger()
 .text._Z11ResetBufferv
                0x080006ac       0x50 build/flanger_reverb_looper.o
                0x080006ac                ResetBuffer()
 .text.startup.main
                0x080006fc      0x1a8 build/flanger_reverb_looper.o
                0x080006fc                main
 .text._Z13UpdateButtonsv
                0x080008a4       0xf0 build/flanger_reverb_looper.o
                0x080008a4                UpdateButtons()
 .text._Z11NextSamplesRfPfj
                0x08000994       0xcc build/flanger_reverb_looper.o
                0x08000994                NextSamples(float&, float*, unsigned int)
 .text._Z13AudioCallbackPfS_j
                0x08000a60      0x27c build/flanger_reverb_looper.o
                0x08000a60                AudioCallback(float*, float*, unsigned int)
 .text.startup._GLOBAL__sub_I_flanger
                0x08000cdc       0xa4 build/flanger_reverb_looper.o
 .text._ZN5daisy16LedDriverPca9685ILi2ELb1EE14TxCpltCallbackEPvNS_9I2CHandle6ResultE
                0x08000d80       0x54 ../../libdaisy/build\libdaisy.a(daisy_petal.o)
                0x08000d80                daisy::LedDriverPca9685<2, true>::TxCpltCallback(void*, daisy::I2CHandle::Result)
 .text._ZN5daisy10DaisyPetal7DelayMsEj
                0x08000dd4        0x4 ../../libdaisy/build\libdaisy.a(daisy_petal.o)
                0x08000dd4                daisy::DaisyPetal::DelayMs(unsigned int)
 .text._ZN5daisy10DaisyPetal10StartAudioEPFvPfS1_jE
                0x08000dd8        0x4 ../../libdaisy/build\libdaisy.a(daisy_petal.o)
                0x08000dd8                daisy::DaisyPetal::StartAudio(void (*)(float*, float*, unsigned int))
 .text._ZN5daisy10DaisyPetal15AudioSampleRateEv
                0x08000ddc        0x4 ../../libdaisy/build\libdaisy.a(daisy_petal.o)
                0x08000ddc                daisy::DaisyPetal::AudioSampleRate()
 .text._ZN5daisy10DaisyPetal8StartAdcEv
                0x08000de0        0x8 ../../libdaisy/build\libdaisy.a(daisy_petal.o)
                0x08000de0                daisy::DaisyPetal::StartAdc()
 .text._ZN5daisy10DaisyPetal21ProcessAnalogControlsEv
                0x08000de8       0x20 ../../libdaisy/build\libdaisy.a(daisy_petal.o)
                0x08000de8                daisy::DaisyPetal::ProcessAnalogControls()
 .text._ZN5daisy10DaisyPetal22ProcessDigitalControlsEv
                0x08000e08       0x20 ../../libdaisy/build\libdaisy.a(daisy_petal.o)
                0x08000e08                daisy::DaisyPetal::ProcessDigitalControls()
 .text._ZN5daisy10DaisyPetal9ClearLedsEv
                0x08000e28      0x1ac ../../libdaisy/build\libdaisy.a(daisy_petal.o)
                0x08000e28                daisy::DaisyPetal::ClearLeds()
 .text._ZN5daisy10DaisyPetal10UpdateLedsEv
                0x08000fd4      0x154 ../../libdaisy/build\libdaisy.a(daisy_petal.o)
                0x08000fd4                daisy::DaisyPetal::UpdateLeds()
 .text._ZN5daisy10DaisyPetal10SetRingLedENS0_7RingLedEfff
                0x08001128      0x19c ../../libdaisy/build\libdaisy.a(daisy_petal.o)
                0x08001128                daisy::DaisyPetal::SetRingLed(daisy::DaisyPetal::RingLed, float, float, float)
 .text._ZN5daisy10DaisyPetal16SetFootswitchLedENS0_13FootswitchLedEf
                0x080012c4       0x90 ../../libdaisy/build\libdaisy.a(daisy_petal.o)
                0x080012c4                daisy::DaisyPetal::SetFootswitchLed(daisy::DaisyPetal::FootswitchLed, float)
 .text._ZN5daisy10DaisyPetal8InitLedsEv
                0x08001354      0x28c ../../libdaisy/build\libdaisy.a(daisy_petal.o)
                0x08001354                daisy::DaisyPetal::InitLeds()
 .text._ZN5daisy10DaisyPetal18InitAnalogControlsEv
                0x080015e0      0x108 ../../libdaisy/build\libdaisy.a(daisy_petal.o)
                0x080015e0                daisy::DaisyPetal::InitAnalogControls()
 .text._ZN5daisy10DaisyPetal4InitEb
                0x080016e8       0xac ../../libdaisy/build\libdaisy.a(daisy_petal.o)
                0x080016e8                daisy::DaisyPetal::Init(bool)
 .text.startup._GLOBAL__sub_I__ZN5daisy10DaisyPetal4InitEb
                0x08001794       0x18 ../../libdaisy/build\libdaisy.a(daisy_petal.o)
 .text._ZN5daisy9DaisySeed9ConfigureEv
                0x080017ac       0x4c ../../libdaisy/build\libdaisy.a(daisy_seed.o)
                0x080017ac                daisy::DaisySeed::Configure()
 .text._ZN5daisy9DaisySeed6GetPinEh
                0x080017f8       0x2c ../../libdaisy/build\libdaisy.a(daisy_seed.o)
                0x080017f8                daisy::DaisySeed::GetPin(unsigned char)
 .text._ZN5daisy9DaisySeed7DelayMsEj
                0x08001824        0x8 ../../libdaisy/build\libdaisy.a(daisy_seed.o)
                0x08001824                daisy::DaisySeed::DelayMs(unsigned int)
 .text._ZN5daisy9DaisySeed10StartAudioEPFvPfS1_jE
                0x0800182c        0x8 ../../libdaisy/build\libdaisy.a(daisy_seed.o)
                0x0800182c                daisy::DaisySeed::StartAudio(void (*)(float*, float*, unsigned int))
 .text._ZN5daisy9DaisySeed15AudioSampleRateEv
                0x08001834        0x8 ../../libdaisy/build\libdaisy.a(daisy_seed.o)
                0x08001834                daisy::DaisySeed::AudioSampleRate()
 .text._ZN5daisy9DaisySeed17SetAudioBlockSizeEj
                0x0800183c       0x38 ../../libdaisy/build\libdaisy.a(daisy_seed.o)
                0x0800183c                daisy::DaisySeed::SetAudioBlockSize(unsigned int)
 .text._ZNK5daisy9DaisySeed17AudioCallbackRateEv
                0x08001874        0x8 ../../libdaisy/build\libdaisy.a(daisy_seed.o)
                0x08001874                daisy::DaisySeed::AudioCallbackRate() const
 *fill*         0x0800187c        0x4 
 .text._ZN5daisy9DaisySeed14ConfigureAudioEv
                0x08001880       0x78 ../../libdaisy/build\libdaisy.a(daisy_seed.o)
                0x08001880                daisy::DaisySeed::ConfigureAudio()
 .text._ZN5daisy9DaisySeed4InitEb
                0x080018f8       0x7c ../../libdaisy/build\libdaisy.a(daisy_seed.o)
                0x080018f8                daisy::DaisySeed::Init(bool)
 .text._ZN5daisy6Ak45564InitE12dsy_gpio_pin
                0x08001974       0x44 ../../libdaisy/build\libdaisy.a(codec_ak4556.o)
                0x08001974                daisy::Ak4556::Init(dsy_gpio_pin)
 .text.dsy_sdram_init
                0x080019b8      0x108 ../../libdaisy/build\libdaisy.a(sdram.o)
                0x080019b8                dsy_sdram_init
 .text.HAL_SDRAM_MspInit
                0x08001ac0      0x1d0 ../../libdaisy/build\libdaisy.a(sdram.o)
                0x08001ac0                HAL_SDRAM_MspInit
 .text._ZN5daisy11AudioHandle4Impl16InternalCallbackEPlS2_j
                0x08001c90      0xbbc ../../libdaisy/build\libdaisy.a(audio.o)
                0x08001c90                daisy::AudioHandle::Impl::InternalCallback(long*, long*, unsigned int)
 .text._ZN5daisy11AudioHandle4InitERKNS0_6ConfigENS_9SaiHandleE
                0x0800284c       0x64 ../../libdaisy/build\libdaisy.a(audio.o)
                0x0800284c                daisy::AudioHandle::Init(daisy::AudioHandle::Config const&, daisy::SaiHandle)
 .text._ZNK5daisy11AudioHandle9GetConfigEv
                0x080028b0        0x8 ../../libdaisy/build\libdaisy.a(audio.o)
                0x080028b0                daisy::AudioHandle::GetConfig() const
 .text._ZN5daisy11AudioHandle12SetBlockSizeEj
                0x080028b8       0x1c ../../libdaisy/build\libdaisy.a(audio.o)
                0x080028b8                daisy::AudioHandle::SetBlockSize(unsigned int)
 .text._ZN5daisy11AudioHandle13GetSampleRateEv
                0x080028d4        0x8 ../../libdaisy/build\libdaisy.a(audio.o)
                0x080028d4                daisy::AudioHandle::GetSampleRate()
 .text._ZN5daisy11AudioHandle5StartEPFvPfS1_jE
                0x080028dc       0x2c ../../libdaisy/build\libdaisy.a(audio.o)
                0x080028dc                daisy::AudioHandle::Start(void (*)(float*, float*, unsigned int))
 .text.startup._GLOBAL__sub_I__ZN5daisy11AudioHandle4Impl4InitENS0_6ConfigENS_9SaiHandleE
                0x08002908       0x10 ../../libdaisy/build\libdaisy.a(audio.o)
 .text._ZN5daisy13AnalogControl4InitEPtfbbf
                0x08002918       0x30 ../../libdaisy/build\libdaisy.a(ctrl.o)
                0x08002918                daisy::AnalogControl::Init(unsigned short*, float, bool, bool, float)
 .text._ZN5daisy13AnalogControl7ProcessEv
                0x08002948       0x48 ../../libdaisy/build\libdaisy.a(ctrl.o)
                0x08002948                daisy::AnalogControl::Process()
 .text._ZN5daisy7Encoder4InitE12dsy_gpio_pinS1_S1_f
                0x08002990       0x4c ../../libdaisy/build\libdaisy.a(encoder.o)
                0x08002990                daisy::Encoder::Init(dsy_gpio_pin, dsy_gpio_pin, dsy_gpio_pin, float)
 .text._ZN5daisy7Encoder8DebounceEv
                0x080029dc       0x60 ../../libdaisy/build\libdaisy.a(encoder.o)
                0x080029dc                daisy::Encoder::Debounce()
 .text._ZN5daisy9Parameter4InitENS_13AnalogControlEffNS0_5CurveE
                0x08002a3c       0x6c ../../libdaisy/build\libdaisy.a(parameter.o)
                0x08002a3c                daisy::Parameter::Init(daisy::AnalogControl, float, float, daisy::Parameter::Curve)
 .text._ZN5daisy9Parameter7ProcessEv
                0x08002aa8       0xac ../../libdaisy/build\libdaisy.a(parameter.o)
                0x08002aa8                daisy::Parameter::Process()
 .text._ZN5daisy6Switch4InitE12dsy_gpio_pinf
                0x08002b54       0x3c ../../libdaisy/build\libdaisy.a(switch.o)
                0x08002b54                daisy::Switch::Init(dsy_gpio_pin, float)
 .text._ZN5daisy6Switch8DebounceEv
                0x08002b90       0x4c ../../libdaisy/build\libdaisy.a(switch.o)
                0x08002b90                daisy::Switch::Debounce()
 .text._ZN5daisy16AdcChannelConfig10InitSingleE12dsy_gpio_pin
                0x08002bdc       0x1c ../../libdaisy/build\libdaisy.a(adc.o)
                0x08002bdc                daisy::AdcChannelConfig::InitSingle(dsy_gpio_pin)
 .text._ZN5daisy9AdcHandle4InitEPNS_16AdcChannelConfigEjNS0_12OverSamplingE
                0x08002bf8      0x6e8 ../../libdaisy/build\libdaisy.a(adc.o)
                0x08002bf8                daisy::AdcHandle::Init(daisy::AdcChannelConfig*, unsigned int, daisy::AdcHandle::OverSampling)
 .text._ZN5daisy9AdcHandle5StartEv
                0x080032e0       0x2c ../../libdaisy/build\libdaisy.a(adc.o)
                0x080032e0                daisy::AdcHandle::Start()
 .text._ZNK5daisy9AdcHandle6GetPtrEh
                0x0800330c       0x14 ../../libdaisy/build\libdaisy.a(adc.o)
                0x0800330c                daisy::AdcHandle::GetPtr(unsigned char) const
 .text.HAL_ADC_MspInit
                0x08003320       0x98 ../../libdaisy/build\libdaisy.a(adc.o)
                0x08003320                HAL_ADC_MspInit
 .text.DMA1_Stream2_IRQHandler
                0x080033b8        0xc ../../libdaisy/build\libdaisy.a(adc.o)
                0x080033b8                DMA1_Stream2_IRQHandler
 .text.HAL_ADC_ConvCpltCallback
                0x080033c4      0x14c ../../libdaisy/build\libdaisy.a(adc.o)
                0x080033c4                HAL_ADC_ConvCpltCallback
 .text.HAL_ADC_ErrorCallback
                0x08003510        0x4 ../../libdaisy/build\libdaisy.a(adc.o)
                0x08003510                HAL_ADC_ErrorCallback
 .text.dsy_gpio_init
                0x08003514      0x1b8 ../../libdaisy/build\libdaisy.a(gpio.o)
                0x08003514                dsy_gpio_init
 .text.dsy_gpio_read
                0x080036cc       0x1c ../../libdaisy/build\libdaisy.a(gpio.o)
                0x080036cc                dsy_gpio_read
 .text.dsy_gpio_write
                0x080036e8       0x24 ../../libdaisy/build\libdaisy.a(gpio.o)
                0x080036e8                dsy_gpio_write
 .text._ZN5daisy9I2CHandle4Impl16StartDmaTransferEtPhtPFvPvNS0_6ResultEES3_
                0x0800370c       0xbc ../../libdaisy/build\libdaisy.a(i2c.o)
                0x0800370c                daisy::I2CHandle::Impl::StartDmaTransfer(unsigned short, unsigned char*, unsigned short, void (*)(void*, daisy::I2CHandle::Result), void*)
 .text._ZN5daisy9I2CHandle4Impl8InitPinsEv
                0x080037c8       0x58 ../../libdaisy/build\libdaisy.a(i2c.o)
                0x080037c8                daisy::I2CHandle::Impl::InitPins()
 .text.HAL_I2C_MspInit
                0x08003820      0x1b4 ../../libdaisy/build\libdaisy.a(i2c.o)
                0x08003820                HAL_I2C_MspInit
 .text.dsy_i2c_global_init
                0x080039d4       0x38 ../../libdaisy/build\libdaisy.a(i2c.o)
                0x080039d4                dsy_i2c_global_init
 .text.DMA1_Stream6_IRQHandler
                0x08003a0c       0x24 ../../libdaisy/build\libdaisy.a(i2c.o)
                0x08003a0c                DMA1_Stream6_IRQHandler
 .text.I2C1_EV_IRQHandler
                0x08003a30        0xc ../../libdaisy/build\libdaisy.a(i2c.o)
                0x08003a30                I2C1_EV_IRQHandler
 .text.I2C2_EV_IRQHandler
                0x08003a3c        0xc ../../libdaisy/build\libdaisy.a(i2c.o)
                0x08003a3c                I2C2_EV_IRQHandler
 .text.I2C3_EV_IRQHandler
                0x08003a48        0xc ../../libdaisy/build\libdaisy.a(i2c.o)
                0x08003a48                I2C3_EV_IRQHandler
 .text.HAL_I2C_MasterTxCpltCallback
                0x08003a54       0x70 ../../libdaisy/build\libdaisy.a(i2c.o)
                0x08003a54                HAL_I2C_MasterTxCpltCallback
 .text.HAL_I2C_ErrorCallback
                0x08003ac4       0x74 ../../libdaisy/build\libdaisy.a(i2c.o)
                0x08003ac4                HAL_I2C_ErrorCallback
 .text._ZN5daisy9I2CHandle4InitERKNS0_6ConfigE
                0x08003b38       0xf4 ../../libdaisy/build\libdaisy.a(i2c.o)
                0x08003b38                daisy::I2CHandle::Init(daisy::I2CHandle::Config const&)
 .text._ZNK5daisy9I2CHandle9GetConfigEv
                0x08003c2c        0x4 ../../libdaisy/build\libdaisy.a(i2c.o)
                0x08003c2c                daisy::I2CHandle::GetConfig() const
 .text._ZN5daisy9I2CHandle16TransmitBlockingEtPhtm
                0x08003c30       0x34 ../../libdaisy/build\libdaisy.a(i2c.o)
                0x08003c30                daisy::I2CHandle::TransmitBlocking(unsigned short, unsigned char*, unsigned short, unsigned long)
 .text._ZN5daisy9I2CHandle11TransmitDmaEtPhtPFvPvNS0_6ResultEES2_
                0x08003c64       0x78 ../../libdaisy/build\libdaisy.a(i2c.o)
                0x08003c64                daisy::I2CHandle::TransmitDma(unsigned short, unsigned char*, unsigned short, void (*)(void*, daisy::I2CHandle::Result), void*)
 *fill*         0x08003cdc        0x4 
 .text.dsy_qspi_init
                0x08003ce0      0x388 ../../libdaisy/build\libdaisy.a(qspi.o)
                0x08003ce0                dsy_qspi_init
 .text.HAL_QSPI_MspInit
                0x08004068      0x10c ../../libdaisy/build\libdaisy.a(qspi.o)
                0x08004068                HAL_QSPI_MspInit
 .text.HAL_QSPI_MspDeInit
                0x08004174       0x58 ../../libdaisy/build\libdaisy.a(qspi.o)
                0x08004174                HAL_QSPI_MspDeInit
 .text.QUADSPI_IRQHandler
                0x080041cc        0xc ../../libdaisy/build\libdaisy.a(qspi.o)
                0x080041cc                QUADSPI_IRQHandler
 .text._ZN5daisy9SaiHandle4Impl7InitDmaENS1_15PeripheralBlockE
                0x080041d8       0xa0 ../../libdaisy/build\libdaisy.a(sai.o)
                0x080041d8                daisy::SaiHandle::Impl::InitDma(daisy::SaiHandle::Impl::PeripheralBlock)
 .text._ZN5daisy9SaiHandle4Impl8InitPinsEv
                0x08004278       0xa8 ../../libdaisy/build\libdaisy.a(sai.o)
                0x08004278                daisy::SaiHandle::Impl::InitPins()
 .text.HAL_SAI_MspInit
                0x08004320      0x164 ../../libdaisy/build\libdaisy.a(sai.o)
                0x08004320                HAL_SAI_MspInit
 .text.DMA1_Stream0_IRQHandler
                0x08004484        0xc ../../libdaisy/build\libdaisy.a(sai.o)
                0x08004484                DMA1_Stream0_IRQHandler
 .text.DMA1_Stream1_IRQHandler
                0x08004490        0xc ../../libdaisy/build\libdaisy.a(sai.o)
                0x08004490                DMA1_Stream1_IRQHandler
 .text.DMA1_Stream3_IRQHandler
                0x0800449c        0xc ../../libdaisy/build\libdaisy.a(sai.o)
                0x0800449c                DMA1_Stream3_IRQHandler
 .text.DMA1_Stream4_IRQHandler
                0x080044a8        0xc ../../libdaisy/build\libdaisy.a(sai.o)
                0x080044a8                DMA1_Stream4_IRQHandler
 .text.HAL_SAI_RxHalfCpltCallback
                0x080044b4       0x78 ../../libdaisy/build\libdaisy.a(sai.o)
                0x080044b4                HAL_SAI_RxHalfCpltCallback
 .text.HAL_SAI_RxCpltCallback
                0x0800452c       0x70 ../../libdaisy/build\libdaisy.a(sai.o)
                0x0800452c                HAL_SAI_RxCpltCallback
 *fill*         0x0800459c        0x4 
 .text._ZN5daisy9SaiHandle4InitERKNS0_6ConfigE
                0x080045a0      0x1f0 ../../libdaisy/build\libdaisy.a(sai.o)
                0x080045a0                daisy::SaiHandle::Init(daisy::SaiHandle::Config const&)
 .text._ZNK5daisy9SaiHandle9GetConfigEv
                0x08004790        0x4 ../../libdaisy/build\libdaisy.a(sai.o)
                0x08004790                daisy::SaiHandle::GetConfig() const
 .text._ZN5daisy9SaiHandle8StartDmaEPlS1_jPFvS1_S1_jE
                0x08004794       0x68 ../../libdaisy/build\libdaisy.a(sai.o)
                0x08004794                daisy::SaiHandle::StartDma(long*, long*, unsigned int, void (*)(long*, long*, unsigned int))
 .text._ZN5daisy9SaiHandle13GetSampleRateEv
                0x080047fc       0x24 ../../libdaisy/build\libdaisy.a(sai.o)
                0x080047fc                daisy::SaiHandle::GetSampleRate()
 .text._ZNK5daisy9SaiHandle9GetOffsetEv
                0x08004820        0x8 ../../libdaisy/build\libdaisy.a(sai.o)
                0x08004820                daisy::SaiHandle::GetOffset() const
 .text._ZN5daisy11TimerHandleD2Ev
                0x08004828        0x4 ../../libdaisy/build\libdaisy.a(system.o)
                0x08004828                daisy::TimerHandle::~TimerHandle()
                0x08004828                daisy::TimerHandle::~TimerHandle()
 .text.SysTick_Handler
                0x0800482c       0x10 ../../libdaisy/build\libdaisy.a(system.o)
                0x0800482c                SysTick_Handler
 .text.HardFault_Handler
                0x0800483c        0x4 ../../libdaisy/build\libdaisy.a(system.o)
                0x0800483c                HardFault_Handler
 .text._ZN5daisy6System5DelayEm
                0x08004840        0x4 ../../libdaisy/build\libdaisy.a(system.o)
                0x08004840                daisy::System::Delay(unsigned long)
 .text._ZN5daisy6System15ConfigureClocksEv
                0x08004844      0x194 ../../libdaisy/build\libdaisy.a(system.o)
                0x08004844                daisy::System::ConfigureClocks()
 .text._ZN5daisy6System4InitERKNS0_6ConfigE
                0x080049d8      0x11c ../../libdaisy/build\libdaisy.a(system.o)
                0x080049d8                daisy::System::Init(daisy::System::Config const&)
 .text._ZN5daisy6System12GetPClk1FreqEv
                0x08004af4        0x4 ../../libdaisy/build\libdaisy.a(system.o)
                0x08004af4                daisy::System::GetPClk1Freq()
 .text.startup._GLOBAL__sub_I_SysTick_Handler
                0x08004af8       0x1c ../../libdaisy/build\libdaisy.a(system.o)
 .text.SystemInit
                0x08004b14       0x84 ../../libdaisy/build\libdaisy.a(system_stm32h7xx.o)
                0x08004b14                SystemInit
 .text.dsy_hal_map_get_port
                0x08004b98       0x10 ../../libdaisy/build\libdaisy.a(hal_map.o)
                0x08004b98                dsy_hal_map_get_port
 .text.dsy_hal_map_get_pin
                0x08004ba8       0x10 ../../libdaisy/build\libdaisy.a(hal_map.o)
                0x08004ba8                dsy_hal_map_get_pin
 .text.HAL_MspInit
                0x08004bb8        0x4 ../../libdaisy/build\libdaisy.a(stm32h7xx_hal.o)
                0x08004bb8                HAL_MspInit
 .text.HAL_InitTick
                0x08004bbc       0x4c ../../libdaisy/build\libdaisy.a(stm32h7xx_hal.o)
                0x08004bbc                HAL_InitTick
 .text.HAL_Init
                0x08004c08       0x60 ../../libdaisy/build\libdaisy.a(stm32h7xx_hal.o)
                0x08004c08                HAL_Init
 .text.HAL_IncTick
                0x08004c68       0x18 ../../libdaisy/build\libdaisy.a(stm32h7xx_hal.o)
                0x08004c68                HAL_IncTick
 .text.HAL_GetTick
                0x08004c80        0xc ../../libdaisy/build\libdaisy.a(stm32h7xx_hal.o)
                0x08004c80                HAL_GetTick
 .text.HAL_Delay
                0x08004c8c       0x24 ../../libdaisy/build\libdaisy.a(stm32h7xx_hal.o)
                0x08004c8c                HAL_Delay
 .text.HAL_GetREVID
                0x08004cb0        0xc ../../libdaisy/build\libdaisy.a(stm32h7xx_hal.o)
                0x08004cb0                HAL_GetREVID
 .text.HAL_ADC_ConvHalfCpltCallback
                0x08004cbc        0x4 ../../libdaisy/build\libdaisy.a(stm32h7xx_hal_adc.o)
                0x08004cbc                HAL_ADC_ConvHalfCpltCallback
 .text.ADC_DMAHalfConvCplt
                0x08004cc0        0xc ../../libdaisy/build\libdaisy.a(stm32h7xx_hal_adc.o)
                0x08004cc0                ADC_DMAHalfConvCplt
 .text.ADC_DMAConvCplt
                0x08004ccc       0x6c ../../libdaisy/build\libdaisy.a(stm32h7xx_hal_adc.o)
                0x08004ccc                ADC_DMAConvCplt
 .text.ADC_DMAError
                0x08004d38       0x1c ../../libdaisy/build\libdaisy.a(stm32h7xx_hal_adc.o)
                0x08004d38                ADC_DMAError
 .text.HAL_ADC_ConfigChannel
                0x08004d54      0x3fc ../../libdaisy/build\libdaisy.a(stm32h7xx_hal_adc.o)
                0x08004d54                HAL_ADC_ConfigChannel
 .text.ADC_Enable
                0x08005150       0xac ../../libdaisy/build\libdaisy.a(stm32h7xx_hal_adc.o)
                0x08005150                ADC_Enable
 .text.HAL_ADC_Start_DMA
                0x080051fc      0x114 ../../libdaisy/build\libdaisy.a(stm32h7xx_hal_adc.o)
                0x080051fc                HAL_ADC_Start_DMA
 .text.ADC_Disable
                0x08005310       0x68 ../../libdaisy/build\libdaisy.a(stm32h7xx_hal_adc.o)
                0x08005310                ADC_Disable
 .text.ADC_ConfigureBoostMode
                0x08005378      0x184 ../../libdaisy/build\libdaisy.a(stm32h7xx_hal_adc.o)
                0x08005378                ADC_ConfigureBoostMode
 .text.HAL_ADC_Init
                0x080054fc      0x218 ../../libdaisy/build\libdaisy.a(stm32h7xx_hal_adc.o)
                0x080054fc                HAL_ADC_Init
 .text.HAL_ADCEx_Calibration_Start
                0x08005714       0xa4 ../../libdaisy/build\libdaisy.a(stm32h7xx_hal_adc_ex.o)
                0x08005714                HAL_ADCEx_Calibration_Start
 .text.HAL_ADCEx_MultiModeConfigChannel
                0x080057b8       0xc4 ../../libdaisy/build\libdaisy.a(stm32h7xx_hal_adc_ex.o)
                0x080057b8                HAL_ADCEx_MultiModeConfigChannel
 .text.HAL_NVIC_SetPriorityGrouping
                0x0800587c       0x24 ../../libdaisy/build\libdaisy.a(stm32h7xx_hal_cortex.o)
                0x0800587c                HAL_NVIC_SetPriorityGrouping
 .text.HAL_NVIC_SetPriority
                0x080058a0       0x7c ../../libdaisy/build\libdaisy.a(stm32h7xx_hal_cortex.o)
                0x080058a0                HAL_NVIC_SetPriority
 .text.HAL_NVIC_EnableIRQ
                0x0800591c       0x1c ../../libdaisy/build\libdaisy.a(stm32h7xx_hal_cortex.o)
                0x0800591c                HAL_NVIC_EnableIRQ
 .text.HAL_NVIC_DisableIRQ
                0x08005938       0x28 ../../libdaisy/build\libdaisy.a(stm32h7xx_hal_cortex.o)
                0x08005938                HAL_NVIC_DisableIRQ
 .text.HAL_SYSTICK_Config
                0x08005960       0x2c ../../libdaisy/build\libdaisy.a(stm32h7xx_hal_cortex.o)
                0x08005960                HAL_SYSTICK_Config
 .text.HAL_MPU_Disable
                0x0800598c       0x1c ../../libdaisy/build\libdaisy.a(stm32h7xx_hal_cortex.o)
                0x0800598c                HAL_MPU_Disable
 .text.HAL_MPU_Enable
                0x080059a8       0x20 ../../libdaisy/build\libdaisy.a(stm32h7xx_hal_cortex.o)
                0x080059a8                HAL_MPU_Enable
 .text.HAL_MPU_ConfigRegion
                0x080059c8       0x64 ../../libdaisy/build\libdaisy.a(stm32h7xx_hal_cortex.o)
                0x080059c8                HAL_MPU_ConfigRegion
 .text.HAL_SYSTICK_Callback
                0x08005a2c        0x4 ../../libdaisy/build\libdaisy.a(stm32h7xx_hal_cortex.o)
                0x08005a2c                HAL_SYSTICK_Callback
 .text.HAL_SYSTICK_IRQHandler
                0x08005a30        0x8 ../../libdaisy/build\libdaisy.a(stm32h7xx_hal_cortex.o)
                0x08005a30                HAL_SYSTICK_IRQHandler
 .text.DMA_CalcBaseAndBitshift
                0x08005a38       0xf4 ../../libdaisy/build\libdaisy.a(stm32h7xx_hal_dma.o)
 .text.DMA_CalcDMAMUXChannelBaseAndMask
                0x08005b2c       0xd8 ../../libdaisy/build\libdaisy.a(stm32h7xx_hal_dma.o)
 .text.HAL_DMA_Init
                0x08005c04      0x37c ../../libdaisy/build\libdaisy.a(stm32h7xx_hal_dma.o)
                0x08005c04                HAL_DMA_Init
 .text.HAL_DMA_Start_IT
                0x08005f80      0x240 ../../libdaisy/build\libdaisy.a(stm32h7xx_hal_dma.o)
                0x08005f80                HAL_DMA_Start_IT
 .text.HAL_DMA_Abort_IT
                0x080061c0      0x134 ../../libdaisy/build\libdaisy.a(stm32h7xx_hal_dma.o)
                0x080061c0                HAL_DMA_Abort_IT
 .text.HAL_DMA_IRQHandler
                0x080062f4      0x6a0 ../../libdaisy/build\libdaisy.a(stm32h7xx_hal_dma.o)
                0x080062f4                HAL_DMA_IRQHandler
 .text.HAL_DMA_GetError
                0x08006994        0x4 ../../libdaisy/build\libdaisy.a(stm32h7xx_hal_dma.o)
                0x08006994                HAL_DMA_GetError
 .text.HAL_GPIO_Init
                0x08006998      0x280 ../../libdaisy/build\libdaisy.a(stm32h7xx_hal_gpio.o)
                0x08006998                HAL_GPIO_Init
 .text.HAL_GPIO_DeInit
                0x08006c18      0x190 ../../libdaisy/build\libdaisy.a(stm32h7xx_hal_gpio.o)
                0x08006c18                HAL_GPIO_DeInit
 .text.HAL_GPIO_ReadPin
                0x08006da8        0xc ../../libdaisy/build\libdaisy.a(stm32h7xx_hal_gpio.o)
                0x08006da8                HAL_GPIO_ReadPin
 .text.HAL_GPIO_WritePin
                0x08006db4        0x8 ../../libdaisy/build\libdaisy.a(stm32h7xx_hal_gpio.o)
                0x08006db4                HAL_GPIO_WritePin
 .text.I2C_WaitOnTXISFlagUntilTimeout
                0x08006dbc       0xb8 ../../libdaisy/build\libdaisy.a(stm32h7xx_hal_i2c.o)
 .text.I2C_WaitOnSTOPFlagUntilTimeout
                0x08006e74       0xac ../../libdaisy/build\libdaisy.a(stm32h7xx_hal_i2c.o)
 .text.HAL_I2C_Init
                0x08006f20       0xac ../../libdaisy/build\libdaisy.a(stm32h7xx_hal_i2c.o)
                0x08006f20                HAL_I2C_Init
 .text.HAL_I2C_Master_Transmit
                0x08006fcc      0x1a8 ../../libdaisy/build\libdaisy.a(stm32h7xx_hal_i2c.o)
                0x08006fcc                HAL_I2C_Master_Transmit
 .text.HAL_I2C_Master_Transmit_DMA
                0x08007174      0x174 ../../libdaisy/build\libdaisy.a(stm32h7xx_hal_i2c.o)
                0x08007174                HAL_I2C_Master_Transmit_DMA
 .text.HAL_I2C_EV_IRQHandler
                0x080072e8       0x10 ../../libdaisy/build\libdaisy.a(stm32h7xx_hal_i2c.o)
                0x080072e8                HAL_I2C_EV_IRQHandler
 .text.HAL_I2C_MasterRxCpltCallback
                0x080072f8        0x4 ../../libdaisy/build\libdaisy.a(stm32h7xx_hal_i2c.o)
                0x080072f8                HAL_I2C_MasterRxCpltCallback
 .text.HAL_I2C_SlaveTxCpltCallback
                0x080072fc        0x4 ../../libdaisy/build\libdaisy.a(stm32h7xx_hal_i2c.o)
                0x080072fc                HAL_I2C_SlaveTxCpltCallback
 .text.HAL_I2C_SlaveRxCpltCallback
                0x08007300        0x4 ../../libdaisy/build\libdaisy.a(stm32h7xx_hal_i2c.o)
                0x08007300                HAL_I2C_SlaveRxCpltCallback
 .text.HAL_I2C_AddrCallback
                0x08007304        0x4 ../../libdaisy/build\libdaisy.a(stm32h7xx_hal_i2c.o)
                0x08007304                HAL_I2C_AddrCallback
 .text.I2C_ITAddrCplt.part.0
                0x08007308       0x64 ../../libdaisy/build\libdaisy.a(stm32h7xx_hal_i2c.o)
 .text.HAL_I2C_ListenCpltCallback
                0x0800736c        0x4 ../../libdaisy/build\libdaisy.a(stm32h7xx_hal_i2c.o)
                0x0800736c                HAL_I2C_ListenCpltCallback
 .text.HAL_I2C_MemTxCpltCallback
                0x08007370        0x4 ../../libdaisy/build\libdaisy.a(stm32h7xx_hal_i2c.o)
                0x08007370                HAL_I2C_MemTxCpltCallback
 .text.HAL_I2C_MemRxCpltCallback
                0x08007374        0x4 ../../libdaisy/build\libdaisy.a(stm32h7xx_hal_i2c.o)
                0x08007374                HAL_I2C_MemRxCpltCallback
 .text.HAL_I2C_AbortCpltCallback
                0x08007378        0x4 ../../libdaisy/build\libdaisy.a(stm32h7xx_hal_i2c.o)
                0x08007378                HAL_I2C_AbortCpltCallback
 .text.I2C_ITError
                0x0800737c      0x114 ../../libdaisy/build\libdaisy.a(stm32h7xx_hal_i2c.o)
 .text.I2C_ITSlaveCplt
                0x08007490      0x1d8 ../../libdaisy/build\libdaisy.a(stm32h7xx_hal_i2c.o)
 .text.I2C_Slave_ISR_IT
                0x08007668      0x324 ../../libdaisy/build\libdaisy.a(stm32h7xx_hal_i2c.o)
 .text.I2C_ITMasterCplt
                0x0800798c       0xe8 ../../libdaisy/build\libdaisy.a(stm32h7xx_hal_i2c.o)
 .text.I2C_Master_ISR_IT
                0x08007a74      0x1f4 ../../libdaisy/build\libdaisy.a(stm32h7xx_hal_i2c.o)
 .text.I2C_Slave_ISR_DMA
                0x08007c68      0x1e4 ../../libdaisy/build\libdaisy.a(stm32h7xx_hal_i2c.o)
 .text.I2C_Master_ISR_DMA
                0x08007e4c      0x22c ../../libdaisy/build\libdaisy.a(stm32h7xx_hal_i2c.o)
 .text.I2C_DMAError
                0x08008078       0x48 ../../libdaisy/build\libdaisy.a(stm32h7xx_hal_i2c.o)
 .text.I2C_DMAMasterTransmitCplt
                0x080080c0       0x90 ../../libdaisy/build\libdaisy.a(stm32h7xx_hal_i2c.o)
 .text.I2C_DMAAbort
                0x08008150       0x28 ../../libdaisy/build\libdaisy.a(stm32h7xx_hal_i2c.o)
 .text.HAL_I2C_GetState
                0x08008178        0x8 ../../libdaisy/build\libdaisy.a(stm32h7xx_hal_i2c.o)
                0x08008178                HAL_I2C_GetState
 .text.HAL_I2CEx_ConfigAnalogFilter
                0x08008180       0x54 ../../libdaisy/build\libdaisy.a(stm32h7xx_hal_i2c_ex.o)
                0x08008180                HAL_I2CEx_ConfigAnalogFilter
 .text.HAL_I2CEx_ConfigDigitalFilter
                0x080081d4       0x58 ../../libdaisy/build\libdaisy.a(stm32h7xx_hal_i2c_ex.o)
                0x080081d4                HAL_I2CEx_ConfigDigitalFilter
 .text.HAL_PWREx_ConfigSupply
                0x0800822c       0x4c ../../libdaisy/build\libdaisy.a(stm32h7xx_hal_pwr_ex.o)
                0x0800822c                HAL_PWREx_ConfigSupply
 .text.HAL_PWREx_EnableUSBVoltageDetector
                0x08008278       0x10 ../../libdaisy/build\libdaisy.a(stm32h7xx_hal_pwr_ex.o)
                0x08008278                HAL_PWREx_EnableUSBVoltageDetector
 .text.QSPI_Config
                0x08008288      0x174 ../../libdaisy/build\libdaisy.a(stm32h7xx_hal_qspi.o)
 .text.HAL_QSPI_Init
                0x080083fc       0xd8 ../../libdaisy/build\libdaisy.a(stm32h7xx_hal_qspi.o)
                0x080083fc                HAL_QSPI_Init
 .text.HAL_QSPI_DeInit
                0x080084d4       0x3c ../../libdaisy/build\libdaisy.a(stm32h7xx_hal_qspi.o)
                0x080084d4                HAL_QSPI_DeInit
 .text.HAL_QSPI_Command
                0x08008510       0xd4 ../../libdaisy/build\libdaisy.a(stm32h7xx_hal_qspi.o)
                0x08008510                HAL_QSPI_Command
 .text.HAL_QSPI_Transmit
                0x080085e4       0xfc ../../libdaisy/build\libdaisy.a(stm32h7xx_hal_qspi.o)
                0x080085e4                HAL_QSPI_Transmit
 .text.HAL_QSPI_Receive
                0x080086e0      0x108 ../../libdaisy/build\libdaisy.a(stm32h7xx_hal_qspi.o)
                0x080086e0                HAL_QSPI_Receive
 .text.HAL_QSPI_AutoPolling
                0x080087e8       0xf0 ../../libdaisy/build\libdaisy.a(stm32h7xx_hal_qspi.o)
                0x080087e8                HAL_QSPI_AutoPolling
 .text.HAL_QSPI_MemoryMapped
                0x080088d8       0xc0 ../../libdaisy/build\libdaisy.a(stm32h7xx_hal_qspi.o)
                0x080088d8                HAL_QSPI_MemoryMapped
 .text.HAL_QSPI_ErrorCallback
                0x08008998        0x4 ../../libdaisy/build\libdaisy.a(stm32h7xx_hal_qspi.o)
                0x08008998                HAL_QSPI_ErrorCallback
 .text.QSPI_DMAAbortCplt
                0x0800899c       0x38 ../../libdaisy/build\libdaisy.a(stm32h7xx_hal_qspi.o)
 .text.HAL_QSPI_AbortCpltCallback
                0x080089d4        0x4 ../../libdaisy/build\libdaisy.a(stm32h7xx_hal_qspi.o)
                0x080089d4                HAL_QSPI_AbortCpltCallback
 .text.HAL_QSPI_CmdCpltCallback
                0x080089d8        0x4 ../../libdaisy/build\libdaisy.a(stm32h7xx_hal_qspi.o)
                0x080089d8                HAL_QSPI_CmdCpltCallback
 .text.HAL_QSPI_RxCpltCallback
                0x080089dc        0x4 ../../libdaisy/build\libdaisy.a(stm32h7xx_hal_qspi.o)
                0x080089dc                HAL_QSPI_RxCpltCallback
 .text.HAL_QSPI_TxCpltCallback
                0x080089e0        0x4 ../../libdaisy/build\libdaisy.a(stm32h7xx_hal_qspi.o)
                0x080089e0                HAL_QSPI_TxCpltCallback
 .text.HAL_QSPI_FifoThresholdCallback
                0x080089e4        0x4 ../../libdaisy/build\libdaisy.a(stm32h7xx_hal_qspi.o)
                0x080089e4                HAL_QSPI_FifoThresholdCallback
 .text.HAL_QSPI_StatusMatchCallback
                0x080089e8        0x4 ../../libdaisy/build\libdaisy.a(stm32h7xx_hal_qspi.o)
                0x080089e8                HAL_QSPI_StatusMatchCallback
 .text.HAL_QSPI_TimeOutCallback
                0x080089ec        0x4 ../../libdaisy/build\libdaisy.a(stm32h7xx_hal_qspi.o)
                0x080089ec                HAL_QSPI_TimeOutCallback
 .text.HAL_QSPI_IRQHandler
                0x080089f0      0x210 ../../libdaisy/build\libdaisy.a(stm32h7xx_hal_qspi.o)
                0x080089f0                HAL_QSPI_IRQHandler
 .text.HAL_RCC_OscConfig
                0x08008c00      0x51c ../../libdaisy/build\libdaisy.a(stm32h7xx_hal_rcc.o)
                0x08008c00                HAL_RCC_OscConfig
 .text.HAL_RCC_GetSysClockFreq
                0x0800911c      0x140 ../../libdaisy/build\libdaisy.a(stm32h7xx_hal_rcc.o)
                0x0800911c                HAL_RCC_GetSysClockFreq
 .text.HAL_RCC_ClockConfig
                0x0800925c      0x234 ../../libdaisy/build\libdaisy.a(stm32h7xx_hal_rcc.o)
                0x0800925c                HAL_RCC_ClockConfig
 .text.HAL_RCC_GetHCLKFreq
                0x08009490       0x2c ../../libdaisy/build\libdaisy.a(stm32h7xx_hal_rcc.o)
                0x08009490                HAL_RCC_GetHCLKFreq
 .text.HAL_RCC_GetPCLK1Freq
                0x080094bc       0x38 ../../libdaisy/build\libdaisy.a(stm32h7xx_hal_rcc.o)
                0x080094bc                HAL_RCC_GetPCLK1Freq
 .text.RCCEx_PLL2_Config
                0x080094f4       0xf4 ../../libdaisy/build\libdaisy.a(stm32h7xx_hal_rcc_ex.o)
 .text.RCCEx_PLL3_Config
                0x080095e8       0xf4 ../../libdaisy/build\libdaisy.a(stm32h7xx_hal_rcc_ex.o)
 .text.HAL_RCCEx_PeriphCLKConfig
                0x080096dc      0xa7c ../../libdaisy/build\libdaisy.a(stm32h7xx_hal_rcc_ex.o)
                0x080096dc                HAL_RCCEx_PeriphCLKConfig
 .text.HAL_RCCEx_GetPLL2ClockFreq
                0x0800a158      0x17c ../../libdaisy/build\libdaisy.a(stm32h7xx_hal_rcc_ex.o)
                0x0800a158                HAL_RCCEx_GetPLL2ClockFreq
 .text.HAL_RCCEx_GetPLL3ClockFreq
                0x0800a2d4      0x17c ../../libdaisy/build\libdaisy.a(stm32h7xx_hal_rcc_ex.o)
                0x0800a2d4                HAL_RCCEx_GetPLL3ClockFreq
 .text.HAL_RCCEx_GetPLL1ClockFreq
                0x0800a450      0x17c ../../libdaisy/build\libdaisy.a(stm32h7xx_hal_rcc_ex.o)
                0x0800a450                HAL_RCCEx_GetPLL1ClockFreq
 .text.HAL_RCCEx_GetPeriphCLKFreq
                0x0800a5cc      0x198 ../../libdaisy/build\libdaisy.a(stm32h7xx_hal_rcc_ex.o)
                0x0800a5cc                HAL_RCCEx_GetPeriphCLKFreq
 .text.HAL_RCCEx_GetD1SysClockFreq
                0x0800a764       0x2c ../../libdaisy/build\libdaisy.a(stm32h7xx_hal_rcc_ex.o)
                0x0800a764                HAL_RCCEx_GetD1SysClockFreq
 .text.HAL_SAI_Init.part.0
                0x0800a790      0x348 ../../libdaisy/build\libdaisy.a(stm32h7xx_hal_sai.o)
 .text.HAL_SAI_InitProtocol
                0x0800aad8      0x178 ../../libdaisy/build\libdaisy.a(stm32h7xx_hal_sai.o)
                0x0800aad8                HAL_SAI_InitProtocol
 .text.HAL_SAI_Transmit_DMA
                0x0800ac50      0x124 ../../libdaisy/build\libdaisy.a(stm32h7xx_hal_sai.o)
                0x0800ac50                HAL_SAI_Transmit_DMA
 .text.HAL_SAI_Receive_DMA
                0x0800ad74       0xd0 ../../libdaisy/build\libdaisy.a(stm32h7xx_hal_sai.o)
                0x0800ad74                HAL_SAI_Receive_DMA
 .text.HAL_SAI_TxCpltCallback
                0x0800ae44        0x4 ../../libdaisy/build\libdaisy.a(stm32h7xx_hal_sai.o)
                0x0800ae44                HAL_SAI_TxCpltCallback
 .text.SAI_DMATxCplt
                0x0800ae48       0x64 ../../libdaisy/build\libdaisy.a(stm32h7xx_hal_sai.o)
 .text.HAL_SAI_TxHalfCpltCallback
                0x0800aeac        0x4 ../../libdaisy/build\libdaisy.a(stm32h7xx_hal_sai.o)
                0x0800aeac                HAL_SAI_TxHalfCpltCallback
 .text.SAI_DMATxHalfCplt
                0x0800aeb0        0xc ../../libdaisy/build\libdaisy.a(stm32h7xx_hal_sai.o)
 .text.SAI_DMARxCplt
                0x0800aebc       0x64 ../../libdaisy/build\libdaisy.a(stm32h7xx_hal_sai.o)
 .text.SAI_DMARxHalfCplt
                0x0800af20        0xc ../../libdaisy/build\libdaisy.a(stm32h7xx_hal_sai.o)
 .text.HAL_SAI_ErrorCallback
                0x0800af2c        0x4 ../../libdaisy/build\libdaisy.a(stm32h7xx_hal_sai.o)
                0x0800af2c                HAL_SAI_ErrorCallback
 .text.SAI_DMAError
                0x0800af30       0x6c ../../libdaisy/build\libdaisy.a(stm32h7xx_hal_sai.o)
 .text.HAL_SDRAM_Init
                0x0800af9c       0x54 ../../libdaisy/build\libdaisy.a(stm32h7xx_hal_sdram.o)
                0x0800af9c                HAL_SDRAM_Init
 .text.HAL_SDRAM_SendCommand
                0x0800aff0       0x40 ../../libdaisy/build\libdaisy.a(stm32h7xx_hal_sdram.o)
                0x0800aff0                HAL_SDRAM_SendCommand
 .text.HAL_SDRAM_ProgramRefreshRate
                0x0800b030       0x30 ../../libdaisy/build\libdaisy.a(stm32h7xx_hal_sdram.o)
                0x0800b030                HAL_SDRAM_ProgramRefreshRate
 .text.FMC_SDRAM_Init
                0x0800b060       0x7c ../../libdaisy/build\libdaisy.a(stm32h7xx_ll_fmc.o)
                0x0800b060                FMC_SDRAM_Init
 .text.FMC_SDRAM_Timing_Init
                0x0800b0dc       0x98 ../../libdaisy/build\libdaisy.a(stm32h7xx_ll_fmc.o)
                0x0800b0dc                FMC_SDRAM_Timing_Init
 .text.FMC_SDRAM_SendCommand
                0x0800b174       0x28 ../../libdaisy/build\libdaisy.a(stm32h7xx_ll_fmc.o)
                0x0800b174                FMC_SDRAM_SendCommand
 .text.FMC_SDRAM_ProgramRefreshRate
                0x0800b19c       0x1c ../../libdaisy/build\libdaisy.a(stm32h7xx_ll_fmc.o)
                0x0800b19c                FMC_SDRAM_ProgramRefreshRate
 .text.HAL_TIM_Base_MspInit
                0x0800b1b8       0xcc ../../libdaisy/build\libdaisy.a(tim.o)
                0x0800b1b8                HAL_TIM_Base_MspInit
 .text._ZN5daisy11TimerHandle4InitERKNS0_6ConfigE
                0x0800b284       0xc4 ../../libdaisy/build\libdaisy.a(tim.o)
                0x0800b284                daisy::TimerHandle::Init(daisy::TimerHandle::Config const&)
 .text._ZN5daisy11TimerHandle5StartEv
                0x0800b348       0x14 ../../libdaisy/build\libdaisy.a(tim.o)
                0x0800b348                daisy::TimerHandle::Start()
 .text.dsy_dma_init
                0x0800b35c       0xd0 ../../libdaisy/build\libdaisy.a(dma.o)
                0x0800b35c                dsy_dma_init
 .text.HAL_MDMA_Abort_IT
                0x0800b42c       0x2c ../../libdaisy/build\libdaisy.a(stm32h7xx_hal_mdma.o)
                0x0800b42c                HAL_MDMA_Abort_IT
 .text.HAL_TIM_Base_Init
                0x0800b458      0x140 ../../libdaisy/build\libdaisy.a(stm32h7xx_hal_tim.o)
                0x0800b458                HAL_TIM_Base_Init
 .text.HAL_TIM_Base_Start
                0x0800b598       0x34 ../../libdaisy/build\libdaisy.a(stm32h7xx_hal_tim.o)
                0x0800b598                HAL_TIM_Base_Start
 .text.HAL_TIM_ConfigClockSource
                0x0800b5cc      0x17c ../../libdaisy/build\libdaisy.a(stm32h7xx_hal_tim.o)
                0x0800b5cc                HAL_TIM_ConfigClockSource
 .text.HAL_TIMEx_MasterConfigSynchronization
                0x0800b748       0x64 ../../libdaisy/build\libdaisy.a(stm32h7xx_hal_tim_ex.o)
                0x0800b748                HAL_TIMEx_MasterConfigSynchronization
 .text._ZN7daisysp7Flanger4InitEf
                0x0800b7ac       0xd8 ../../DaisySP/build\libdaisysp.a(flanger.o)
                0x0800b7ac                daisysp::Flanger::Init(float)
 .text._ZN7daisysp7Flanger7ProcessEf
                0x0800b884      0x100 ../../DaisySP/build\libdaisysp.a(flanger.o)
                0x0800b884                daisysp::Flanger::Process(float)
 .text._ZN7daisysp7Flanger11SetFeedbackEf
                0x0800b984       0x28 ../../DaisySP/build\libdaisysp.a(flanger.o)
                0x0800b984                daisysp::Flanger::SetFeedback(float)
 .text._ZN7daisysp7Flanger11SetLfoDepthEf
                0x0800b9ac       0x28 ../../DaisySP/build\libdaisysp.a(flanger.o)
                0x0800b9ac                daisysp::Flanger::SetLfoDepth(float)
 .text._ZN7daisysp7Flanger10SetLfoFreqEf
                0x0800b9d4       0x38 ../../DaisySP/build\libdaisysp.a(flanger.o)
                0x0800b9d4                daisysp::Flanger::SetLfoFreq(float)
 *fill*         0x0800ba0c        0x4 
 .text._ZN7daisysp7Flanger8SetDelayEf
                0x0800ba10       0x58 ../../DaisySP/build\libdaisysp.a(flanger.o)
                0x0800ba10                daisysp::Flanger::SetDelay(float)
 .text._ZN7daisysp8ReverbSc17NextRandomLinesegEPNS_10ReverbScDlEi
                0x0800ba68      0x108 ../../DaisySP/build\libdaisysp.a(reverbsc.o)
                0x0800ba68                daisysp::ReverbSc::NextRandomLineseg(daisysp::ReverbScDl*, int)
 .text._ZN7daisysp8ReverbSc4InitEf
                0x0800bb70      0x180 ../../DaisySP/build\libdaisysp.a(reverbsc.o)
                0x0800bb70                daisysp::ReverbSc::Init(float)
 .text._ZN7daisysp8ReverbSc7ProcessERKfS2_PfS3_
                0x0800bcf0      0x2e0 ../../DaisySP/build\libdaisysp.a(reverbsc.o)
                0x0800bcf0                daisysp::ReverbSc::Process(float const&, float const&, float*, float*)
 .text._ZN7daisysp4Tone4InitEf
                0x0800bfd0       0x1c ../../DaisySP/build\libdaisysp.a(tone.o)
                0x0800bfd0                daisysp::Tone::Init(float)
 .text._ZN7daisysp4Tone7ProcessERf
                0x0800bfec       0x20 ../../DaisySP/build\libdaisysp.a(tone.o)
                0x0800bfec                daisysp::Tone::Process(float&)
 .text._ZN7daisysp4Tone21CalculateCoefficientsEv
                0x0800c00c       0x68 ../../DaisySP/build\libdaisysp.a(tone.o)
                0x0800c00c                daisysp::Tone::CalculateCoefficients()
 .text.__aeabi_atexit
                0x0800c074        0xa d:/gnu_arm_embedded_toolchain/10_2020-q4-major/bin/../lib/gcc/arm-none-eabi/10.2.1/../../../../arm-none-eabi/lib/thumb/v7e-m+dp/hard\libstdc++_nano.a(atexit_arm.o)
                0x0800c074                __aeabi_atexit
 *fill*         0x0800c07e        0x2 
 .text.cosf     0x0800c080      0x1bc d:/gnu_arm_embedded_toolchain/10_2020-q4-major/bin/../lib/gcc/arm-none-eabi/10.2.1/../../../../arm-none-eabi/lib/thumb/v7e-m+dp/hard\libm.a(lib_a-cosf.o)
                0x0800c080                cosf
 .text.with_errnof
                0x0800c23c       0x18 d:/gnu_arm_embedded_toolchain/10_2020-q4-major/bin/../lib/gcc/arm-none-eabi/10.2.1/../../../../arm-none-eabi/lib/thumb/v7e-m+dp/hard\libm.a(lib_a-math_errf.o)
 .text.xflowf   0x0800c254       0x20 d:/gnu_arm_embedded_toolchain/10_2020-q4-major/bin/../lib/gcc/arm-none-eabi/10.2.1/../../../../arm-none-eabi/lib/thumb/v7e-m+dp/hard\libm.a(lib_a-math_errf.o)
 .text.__math_uflowf
                0x0800c274        0xc d:/gnu_arm_embedded_toolchain/10_2020-q4-major/bin/../lib/gcc/arm-none-eabi/10.2.1/../../../../arm-none-eabi/lib/thumb/v7e-m+dp/hard\libm.a(lib_a-math_errf.o)
                0x0800c274                __math_uflowf
 .text.__math_may_uflowf
                0x0800c280        0xc d:/gnu_arm_embedded_toolchain/10_2020-q4-major/bin/../lib/gcc/arm-none-eabi/10.2.1/../../../../arm-none-eabi/lib/thumb/v7e-m+dp/hard\libm.a(lib_a-math_errf.o)
                0x0800c280                __math_may_uflowf
 .text.__math_oflowf
                0x0800c28c        0xc d:/gnu_arm_embedded_toolchain/10_2020-q4-major/bin/../lib/gcc/arm-none-eabi/10.2.1/../../../../arm-none-eabi/lib/thumb/v7e-m+dp/hard\libm.a(lib_a-math_errf.o)
                0x0800c28c                __math_oflowf
 .text.__math_divzerof
                0x0800c298       0x24 d:/gnu_arm_embedded_toolchain/10_2020-q4-major/bin/../lib/gcc/arm-none-eabi/10.2.1/../../../../arm-none-eabi/lib/thumb/v7e-m+dp/hard\libm.a(lib_a-math_errf.o)
                0x0800c298                __math_divzerof
 .text.__math_invalidf
                0x0800c2bc       0x20 d:/gnu_arm_embedded_toolchain/10_2020-q4-major/bin/../lib/gcc/arm-none-eabi/10.2.1/../../../../arm-none-eabi/lib/thumb/v7e-m+dp/hard\libm.a(lib_a-math_errf.o)
                0x0800c2bc                __math_invalidf
 .text.expf     0x0800c2dc       0xe4 d:/gnu_arm_embedded_toolchain/10_2020-q4-major/bin/../lib/gcc/arm-none-eabi/10.2.1/../../../../arm-none-eabi/lib/thumb/v7e-m+dp/hard\libm.a(lib_a-sf_exp.o)
                0x0800c2dc                expf
 .text.logf     0x0800c3c0       0xc8 d:/gnu_arm_embedded_toolchain/10_2020-q4-major/bin/../lib/gcc/arm-none-eabi/10.2.1/../../../../arm-none-eabi/lib/thumb/v7e-m+dp/hard\libm.a(lib_a-sf_log.o)
                0x0800c3c0                logf
 .text.sqrtf    0x0800c488       0x50 d:/gnu_arm_embedded_toolchain/10_2020-q4-major/bin/../lib/gcc/arm-none-eabi/10.2.1/../../../../arm-none-eabi/lib/thumb/v7e-m+dp/hard\libm.a(lib_a-wf_sqrt.o)
                0x0800c488                sqrtf
 .text.__ieee754_sqrtf
                0x0800c4d8        0x8 d:/gnu_arm_embedded_toolchain/10_2020-q4-major/bin/../lib/gcc/arm-none-eabi/10.2.1/../../../../arm-none-eabi/lib/thumb/v7e-m+dp/hard\libm.a(lib_a-ef_sqrt.o)
                0x0800c4d8                __ieee754_sqrtf
 .text.__cxa_atexit
                0x0800c4e0       0x1c d:/gnu_arm_embedded_toolchain/10_2020-q4-major/bin/../lib/gcc/arm-none-eabi/10.2.1/../../../../arm-none-eabi/lib/thumb/v7e-m+dp/hard\libc_nano.a(lib_a-cxa_atexit.o)
                0x0800c4e0                __cxa_atexit
 .text.__errno  0x0800c4fc        0xc d:/gnu_arm_embedded_toolchain/10_2020-q4-major/bin/../lib/gcc/arm-none-eabi/10.2.1/../../../../arm-none-eabi/lib/thumb/v7e-m+dp/hard\libc_nano.a(lib_a-errno.o)
                0x0800c4fc                __errno
 .text.__libc_init_array
                0x0800c508       0x48 d:/gnu_arm_embedded_toolchain/10_2020-q4-major/bin/../lib/gcc/arm-none-eabi/10.2.1/../../../../arm-none-eabi/lib/thumb/v7e-m+dp/hard\libc_nano.a(lib_a-init.o)
                0x0800c508                __libc_init_array
 .text.memcpy   0x0800c550       0x1c d:/gnu_arm_embedded_toolchain/10_2020-q4-major/bin/../lib/gcc/arm-none-eabi/10.2.1/../../../../arm-none-eabi/lib/thumb/v7e-m+dp/hard\libc_nano.a(lib_a-memcpy-stub.o)
                0x0800c550                memcpy
 .text.memset   0x0800c56c       0x10 d:/gnu_arm_embedded_toolchain/10_2020-q4-major/bin/../lib/gcc/arm-none-eabi/10.2.1/../../../../arm-none-eabi/lib/thumb/v7e-m+dp/hard\libc_nano.a(lib_a-memset.o)
                0x0800c56c                memset
 *(.rodata)
 .rodata        0x0800c57c      0x200 build/flanger_reverb_looper.o
 .rodata        0x0800c77c        0x8 ../../libdaisy/build\libdaisy.a(daisy_petal.o)
 .rodata        0x0800c784       0x10 ../../libdaisy/build\libdaisy.a(i2c.o)
 .rodata        0x0800c794       0x10 ../../libdaisy/build\libdaisy.a(tim.o)
 *(.rodata*)
 .rodata._ZN5daisy10DaisyPetal9ClearLedsEv.str1.4
                0x0800c7a4       0x15 ../../libdaisy/build\libdaisy.a(daisy_petal.o)
 *fill*         0x0800c7b9        0x3 
 .rodata._ZN5daisy10DaisyPetal12InitSwitchesEv.str1.4
                0x0800c7bc        0x8 ../../libdaisy/build\libdaisy.a(daisy_petal.o)
 .rodata._ZL20petal_led_i2c_config
                0x0800c7c4        0xc ../../libdaisy/build\libdaisy.a(daisy_petal.o)
 .rodata._ZL8seedgpio
                0x0800c7d0       0x3e ../../libdaisy/build\libdaisy.a(daisy_seed.o)
 *fill*         0x0800c80e        0x2 
 .rodata._ZL16dsy_adc_rank_map
                0x0800c810       0x40 ../../libdaisy/build\libdaisy.a(adc.o)
 .rodata.HAL_QSPI_MspInit.str1.4
                0x0800c850        0x7 ../../libdaisy/build\libdaisy.a(qspi.o)
 *fill*         0x0800c857        0x1 
 .rodata.CSWTCH.33
                0x0800c858        0x3 ../../libdaisy/build\libdaisy.a(sai.o)
 *fill*         0x0800c85b        0x1 
 .rodata.CSWTCH.34
                0x0800c85c        0xc ../../libdaisy/build\libdaisy.a(sai.o)
 .rodata.CSWTCH.41
                0x0800c868       0x14 ../../libdaisy/build\libdaisy.a(sai.o)
 .rodata.D1CorePrescTable
                0x0800c87c       0x10 ../../libdaisy/build\libdaisy.a(system_stm32h7xx.o)
                0x0800c87c                D1CorePrescTable
 .rodata.gpio_hal_pin_map
                0x0800c88c       0x20 ../../libdaisy/build\libdaisy.a(hal_map.o)
 .rodata.gpio_hal_port_map
                0x0800c8ac       0x30 ../../libdaisy/build\libdaisy.a(hal_map.o)
 .rodata.flagBitshiftOffset.0
                0x0800c8dc        0x8 ../../libdaisy/build\libdaisy.a(stm32h7xx_hal_dma.o)
 .rodata._ZL13kReverbParams
                0x0800c8e4       0x80 ../../DaisySP/build\libdaisysp.a(reverbsc.o)
 *fill*         0x0800c964        0x4 
 .rodata.__exp2f_data
                0x0800c968      0x148 d:/gnu_arm_embedded_toolchain/10_2020-q4-major/bin/../lib/gcc/arm-none-eabi/10.2.1/../../../../arm-none-eabi/lib/thumb/v7e-m+dp/hard\libm.a(lib_a-sf_exp2_data.o)
                0x0800c968                __exp2f_data
 .rodata.__logf_data
                0x0800cab0      0x120 d:/gnu_arm_embedded_toolchain/10_2020-q4-major/bin/../lib/gcc/arm-none-eabi/10.2.1/../../../../arm-none-eabi/lib/thumb/v7e-m+dp/hard\libm.a(lib_a-sf_log_data.o)
                0x0800cab0                __logf_data
 .rodata.__inv_pio4
                0x0800cbd0       0x60 d:/gnu_arm_embedded_toolchain/10_2020-q4-major/bin/../lib/gcc/arm-none-eabi/10.2.1/../../../../arm-none-eabi/lib/thumb/v7e-m+dp/hard\libm.a(lib_a-sincosf_data.o)
                0x0800cbd0                __inv_pio4
 .rodata.__sincosf_table
                0x0800cc30       0xe0 d:/gnu_arm_embedded_toolchain/10_2020-q4-major/bin/../lib/gcc/arm-none-eabi/10.2.1/../../../../arm-none-eabi/lib/thumb/v7e-m+dp/hard\libm.a(lib_a-sincosf_data.o)
                0x0800cc30                __sincosf_table
 *(.glue_7)
 .glue_7        0x0800cd10        0x0 linker stubs
 *(.glue_7t)
 .glue_7t       0x0800cd10        0x0 linker stubs
 *(.init)
 .init          0x0800cd10        0x4 d:/gnu_arm_embedded_toolchain/10_2020-q4-major/bin/../lib/gcc/arm-none-eabi/10.2.1/thumb/v7e-m+dp/hard/crti.o
                0x0800cd10                _init
 .init          0x0800cd14        0x8 d:/gnu_arm_embedded_toolchain/10_2020-q4-major/bin/../lib/gcc/arm-none-eabi/10.2.1/thumb/v7e-m+dp/hard/crtn.o
 *(.fini)
 .fini          0x0800cd1c        0x4 d:/gnu_arm_embedded_toolchain/10_2020-q4-major/bin/../lib/gcc/arm-none-eabi/10.2.1/thumb/v7e-m+dp/hard/crti.o
                0x0800cd1c                _fini
 .fini          0x0800cd20        0x8 d:/gnu_arm_embedded_toolchain/10_2020-q4-major/bin/../lib/gcc/arm-none-eabi/10.2.1/thumb/v7e-m+dp/hard/crtn.o
                0x0800cd28                . = ALIGN (0x4)
                0x0800cd28                _etext = .

.eh_frame       0x0800cd28        0x0
 .eh_frame      0x0800cd28        0x0 d:/gnu_arm_embedded_toolchain/10_2020-q4-major/bin/../lib/gcc/arm-none-eabi/10.2.1/thumb/v7e-m+dp/hard/crtbegin.o

.vfp11_veneer   0x0800cd28        0x0
 .vfp11_veneer  0x0800cd28        0x0 linker stubs

.v4_bx          0x0800cd28        0x0
 .v4_bx         0x0800cd28        0x0 linker stubs

.iplt           0x0800cd28        0x0
 .iplt          0x0800cd28        0x0 d:/gnu_arm_embedded_toolchain/10_2020-q4-major/bin/../lib/gcc/arm-none-eabi/10.2.1/thumb/v7e-m+dp/hard/crtbegin.o

.rel.dyn        0x0800cd28        0x0
 .rel.iplt      0x0800cd28        0x0 d:/gnu_arm_embedded_toolchain/10_2020-q4-major/bin/../lib/gcc/arm-none-eabi/10.2.1/thumb/v7e-m+dp/hard/crtbegin.o

.ARM.extab      0x0800cd28        0x0
                0x0800cd28                . = ALIGN (0x4)
 *(.ARM.extab)
 *(.gnu.linkonce.armextab.*)
                0x0800cd28                . = ALIGN (0x4)

.exidx          0x0800cd28        0x0
                0x0800cd28                . = ALIGN (0x4)
                [!provide]                PROVIDE (__exidx_start = .)
 *(.ARM.exidx*)
                0x0800cd28                . = ALIGN (0x4)
                [!provide]                PROVIDE (__exidx_end = .)

.ARM.attributes
                0x0800cd28       0x2e
 *(.ARM.attributes)
 .ARM.attributes
                0x0800cd28       0x1e d:/gnu_arm_embedded_toolchain/10_2020-q4-major/bin/../lib/gcc/arm-none-eabi/10.2.1/thumb/v7e-m+dp/hard/crti.o
 .ARM.attributes
                0x0800cd46       0x32 d:/gnu_arm_embedded_toolchain/10_2020-q4-major/bin/../lib/gcc/arm-none-eabi/10.2.1/thumb/v7e-m+dp/hard/crtbegin.o
 .ARM.attributes
                0x0800cd78       0x32 build/startup_stm32h750xx.o
 .ARM.attributes
                0x0800cdaa       0x32 build/flanger_reverb_looper.o
 .ARM.attributes
                0x0800cddc       0x32 ../../libdaisy/build\libdaisy.a(daisy_petal.o)
 .ARM.attributes
                0x0800ce0e       0x32 ../../libdaisy/build\libdaisy.a(daisy_seed.o)
 .ARM.attributes
                0x0800ce40       0x32 ../../libdaisy/build\libdaisy.a(codec_ak4556.o)
 .ARM.attributes
                0x0800ce72       0x32 ../../libdaisy/build\libdaisy.a(sdram.o)
 .ARM.attributes
                0x0800cea4       0x32 ../../libdaisy/build\libdaisy.a(audio.o)
 .ARM.attributes
                0x0800ced6       0x32 ../../libdaisy/build\libdaisy.a(ctrl.o)
 .ARM.attributes
                0x0800cf08       0x32 ../../libdaisy/build\libdaisy.a(encoder.o)
 .ARM.attributes
                0x0800cf3a       0x32 ../../libdaisy/build\libdaisy.a(parameter.o)
 .ARM.attributes
                0x0800cf6c       0x32 ../../libdaisy/build\libdaisy.a(switch.o)
 .ARM.attributes
                0x0800cf9e       0x32 ../../libdaisy/build\libdaisy.a(adc.o)
 .ARM.attributes
                0x0800cfd0       0x32 ../../libdaisy/build\libdaisy.a(gpio.o)
 .ARM.attributes
                0x0800d002       0x32 ../../libdaisy/build\libdaisy.a(i2c.o)
 .ARM.attributes
                0x0800d034       0x32 ../../libdaisy/build\libdaisy.a(qspi.o)
 .ARM.attributes
                0x0800d066       0x32 ../../libdaisy/build\libdaisy.a(sai.o)
 .ARM.attributes
                0x0800d098       0x32 ../../libdaisy/build\libdaisy.a(system.o)
 .ARM.attributes
                0x0800d0ca       0x32 ../../libdaisy/build\libdaisy.a(system_stm32h7xx.o)
 .ARM.attributes
                0x0800d0fc       0x32 ../../libdaisy/build\libdaisy.a(hal_map.o)
 .ARM.attributes
                0x0800d12e       0x32 ../../libdaisy/build\libdaisy.a(stm32h7xx_hal.o)
 .ARM.attributes
                0x0800d160       0x32 ../../libdaisy/build\libdaisy.a(stm32h7xx_hal_adc.o)
 .ARM.attributes
                0x0800d192       0x32 ../../libdaisy/build\libdaisy.a(stm32h7xx_hal_adc_ex.o)
 .ARM.attributes
                0x0800d1c4       0x32 ../../libdaisy/build\libdaisy.a(stm32h7xx_hal_cortex.o)
 .ARM.attributes
                0x0800d1f6       0x32 ../../libdaisy/build\libdaisy.a(stm32h7xx_hal_dma.o)
 .ARM.attributes
                0x0800d228       0x32 ../../libdaisy/build\libdaisy.a(stm32h7xx_hal_gpio.o)
 .ARM.attributes
                0x0800d25a       0x32 ../../libdaisy/build\libdaisy.a(stm32h7xx_hal_i2c.o)
 .ARM.attributes
                0x0800d28c       0x32 ../../libdaisy/build\libdaisy.a(stm32h7xx_hal_i2c_ex.o)
 .ARM.attributes
                0x0800d2be       0x32 ../../libdaisy/build\libdaisy.a(stm32h7xx_hal_pwr_ex.o)
 .ARM.attributes
                0x0800d2f0       0x32 ../../libdaisy/build\libdaisy.a(stm32h7xx_hal_qspi.o)
 .ARM.attributes
                0x0800d322       0x32 ../../libdaisy/build\libdaisy.a(stm32h7xx_hal_rcc.o)
 .ARM.attributes
                0x0800d354       0x32 ../../libdaisy/build\libdaisy.a(stm32h7xx_hal_rcc_ex.o)
 .ARM.attributes
                0x0800d386       0x32 ../../libdaisy/build\libdaisy.a(stm32h7xx_hal_sai.o)
 .ARM.attributes
                0x0800d3b8       0x32 ../../libdaisy/build\libdaisy.a(stm32h7xx_hal_sdram.o)
 .ARM.attributes
                0x0800d3ea       0x32 ../../libdaisy/build\libdaisy.a(stm32h7xx_ll_fmc.o)
 .ARM.attributes
                0x0800d41c       0x32 ../../libdaisy/build\libdaisy.a(tim.o)
 .ARM.attributes
                0x0800d44e       0x32 ../../libdaisy/build\libdaisy.a(dma.o)
 .ARM.attributes
                0x0800d480       0x32 ../../libdaisy/build\libdaisy.a(stm32h7xx_hal_mdma.o)
 .ARM.attributes
                0x0800d4b2       0x32 ../../libdaisy/build\libdaisy.a(stm32h7xx_hal_tim.o)
 .ARM.attributes
                0x0800d4e4       0x32 ../../libdaisy/build\libdaisy.a(stm32h7xx_hal_tim_ex.o)
 .ARM.attributes
                0x0800d516       0x32 ../../DaisySP/build\libdaisysp.a(flanger.o)
 .ARM.attributes
                0x0800d548       0x32 ../../DaisySP/build\libdaisysp.a(reverbsc.o)
 .ARM.attributes
                0x0800d57a       0x32 ../../DaisySP/build\libdaisysp.a(tone.o)
 .ARM.attributes
                0x0800d5ac       0x32 d:/gnu_arm_embedded_toolchain/10_2020-q4-major/bin/../lib/gcc/arm-none-eabi/10.2.1/../../../../arm-none-eabi/lib/thumb/v7e-m+dp/hard\libstdc++_nano.a(atexit_arm.o)
 .ARM.attributes
                0x0800d5de       0x32 d:/gnu_arm_embedded_toolchain/10_2020-q4-major/bin/../lib/gcc/arm-none-eabi/10.2.1/../../../../arm-none-eabi/lib/thumb/v7e-m+dp/hard\libm.a(lib_a-cosf.o)
 .ARM.attributes
                0x0800d610       0x32 d:/gnu_arm_embedded_toolchain/10_2020-q4-major/bin/../lib/gcc/arm-none-eabi/10.2.1/../../../../arm-none-eabi/lib/thumb/v7e-m+dp/hard\libm.a(lib_a-math_errf.o)
 .ARM.attributes
                0x0800d642       0x32 d:/gnu_arm_embedded_toolchain/10_2020-q4-major/bin/../lib/gcc/arm-none-eabi/10.2.1/../../../../arm-none-eabi/lib/thumb/v7e-m+dp/hard\libm.a(lib_a-sf_exp.o)
 .ARM.attributes
                0x0800d674       0x30 d:/gnu_arm_embedded_toolchain/10_2020-q4-major/bin/../lib/gcc/arm-none-eabi/10.2.1/../../../../arm-none-eabi/lib/thumb/v7e-m+dp/hard\libm.a(lib_a-sf_exp2_data.o)
 .ARM.attributes
                0x0800d6a4       0x32 d:/gnu_arm_embedded_toolchain/10_2020-q4-major/bin/../lib/gcc/arm-none-eabi/10.2.1/../../../../arm-none-eabi/lib/thumb/v7e-m+dp/hard\libm.a(lib_a-sf_log.o)
 .ARM.attributes
                0x0800d6d6       0x30 d:/gnu_arm_embedded_toolchain/10_2020-q4-major/bin/../lib/gcc/arm-none-eabi/10.2.1/../../../../arm-none-eabi/lib/thumb/v7e-m+dp/hard\libm.a(lib_a-sf_log_data.o)
 .ARM.attributes
                0x0800d706       0x30 d:/gnu_arm_embedded_toolchain/10_2020-q4-major/bin/../lib/gcc/arm-none-eabi/10.2.1/../../../../arm-none-eabi/lib/thumb/v7e-m+dp/hard\libm.a(lib_a-sincosf_data.o)
 .ARM.attributes
                0x0800d736       0x32 d:/gnu_arm_embedded_toolchain/10_2020-q4-major/bin/../lib/gcc/arm-none-eabi/10.2.1/../../../../arm-none-eabi/lib/thumb/v7e-m+dp/hard\libm.a(lib_a-wf_sqrt.o)
 .ARM.attributes
                0x0800d768       0x32 d:/gnu_arm_embedded_toolchain/10_2020-q4-major/bin/../lib/gcc/arm-none-eabi/10.2.1/../../../../arm-none-eabi/lib/thumb/v7e-m+dp/hard\libm.a(lib_a-ef_sqrt.o)
 .ARM.attributes
                0x0800d79a       0x30 d:/gnu_arm_embedded_toolchain/10_2020-q4-major/bin/../lib/gcc/arm-none-eabi/10.2.1/../../../../arm-none-eabi/lib/thumb/v7e-m+dp/hard\libm.a(lib_a-s_lib_ver.o)
 .ARM.attributes
                0x0800d7ca       0x32 d:/gnu_arm_embedded_toolchain/10_2020-q4-major/bin/../lib/gcc/arm-none-eabi/10.2.1/../../../../arm-none-eabi/lib/thumb/v7e-m+dp/hard\libc_nano.a(lib_a-cxa_atexit.o)
 .ARM.attributes
                0x0800d7fc       0x32 d:/gnu_arm_embedded_toolchain/10_2020-q4-major/bin/../lib/gcc/arm-none-eabi/10.2.1/../../../../arm-none-eabi/lib/thumb/v7e-m+dp/hard\libc_nano.a(lib_a-errno.o)
 .ARM.attributes
                0x0800d82e       0x30 d:/gnu_arm_embedded_toolchain/10_2020-q4-major/bin/../lib/gcc/arm-none-eabi/10.2.1/../../../../arm-none-eabi/lib/thumb/v7e-m+dp/hard\libc_nano.a(lib_a-impure.o)
 .ARM.attributes
                0x0800d85e       0x32 d:/gnu_arm_embedded_toolchain/10_2020-q4-major/bin/../lib/gcc/arm-none-eabi/10.2.1/../../../../arm-none-eabi/lib/thumb/v7e-m+dp/hard\libc_nano.a(lib_a-init.o)
 .ARM.attributes
                0x0800d890       0x32 d:/gnu_arm_embedded_toolchain/10_2020-q4-major/bin/../lib/gcc/arm-none-eabi/10.2.1/../../../../arm-none-eabi/lib/thumb/v7e-m+dp/hard\libc_nano.a(lib_a-memcpy-stub.o)
 .ARM.attributes
                0x0800d8c2       0x32 d:/gnu_arm_embedded_toolchain/10_2020-q4-major/bin/../lib/gcc/arm-none-eabi/10.2.1/../../../../arm-none-eabi/lib/thumb/v7e-m+dp/hard\libc_nano.a(lib_a-memset.o)
 .ARM.attributes
                0x0800d8f4       0x1e d:/gnu_arm_embedded_toolchain/10_2020-q4-major/bin/../lib/gcc/arm-none-eabi/10.2.1/thumb/v7e-m+dp/hard\libgcc.a(_arm_addsubdf3.o)
 .ARM.attributes
                0x0800d912       0x1e d:/gnu_arm_embedded_toolchain/10_2020-q4-major/bin/../lib/gcc/arm-none-eabi/10.2.1/thumb/v7e-m+dp/hard/crtn.o

.preinit_array  0x0800cd28        0x0
                0x0800cd28                PROVIDE (__preinit_array_start = .)
 *(.preinit_array*)
                0x0800cd28                PROVIDE (__preinit_array_end = .)

.init_array     0x0800cd28       0x14
                0x0800cd28                PROVIDE (__init_array_start = .)
 *(SORT_BY_NAME(.init_array.*))
 *(.init_array*)
 .init_array    0x0800cd28        0x4 d:/gnu_arm_embedded_toolchain/10_2020-q4-major/bin/../lib/gcc/arm-none-eabi/10.2.1/thumb/v7e-m+dp/hard/crtbegin.o
 .init_array    0x0800cd2c        0x4 build/flanger_reverb_looper.o
 .init_array    0x0800cd30        0x4 ../../libdaisy/build\libdaisy.a(daisy_petal.o)
 .init_array    0x0800cd34        0x4 ../../libdaisy/build\libdaisy.a(audio.o)
 .init_array    0x0800cd38        0x4 ../../libdaisy/build\libdaisy.a(system.o)
                0x0800cd3c                PROVIDE (__init_array_end = .)

.fini_array     0x0800cd3c        0x4
                [!provide]                PROVIDE (__fini_array_start = .)
 *(.fini_array*)
 .fini_array    0x0800cd3c        0x4 d:/gnu_arm_embedded_toolchain/10_2020-q4-major/bin/../lib/gcc/arm-none-eabi/10.2.1/thumb/v7e-m+dp/hard/crtbegin.o
 *(SORT_BY_NAME(.fini_array.*))
                [!provide]                PROVIDE (__fini_array_end = .)

.data           0x24000000       0x84 load address 0x0800cd40
                0x24000000                . = ALIGN (0x4)
                0x24000000                _sdata = .
                [!provide]                PROVIDE (__data_start__ = _sdata)
 *(.data)
 .data          0x24000000        0x4 d:/gnu_arm_embedded_toolchain/10_2020-q4-major/bin/../lib/gcc/arm-none-eabi/10.2.1/thumb/v7e-m+dp/hard/crtbegin.o
                0x24000000                __dso_handle
 *(.data*)
 .data.effectOn
                0x24000004        0x1 build/flanger_reverb_looper.o
                0x24000004                effectOn
 .data.first    0x24000005        0x1 build/flanger_reverb_looper.o
                0x24000005                first
 *fill*         0x24000006        0x2 
 .data.mod      0x24000008        0x4 build/flanger_reverb_looper.o
                0x24000008                mod
 .data.SystemCoreClock
                0x2400000c        0x4 ../../libdaisy/build\libdaisy.a(system_stm32h7xx.o)
                0x2400000c                SystemCoreClock
 .data.SystemD2Clock
                0x24000010        0x4 ../../libdaisy/build\libdaisy.a(system_stm32h7xx.o)
                0x24000010                SystemD2Clock
 .data.uwTickFreq
                0x24000014        0x1 ../../libdaisy/build\libdaisy.a(stm32h7xx_hal.o)
 *fill*         0x24000015        0x3 
 .data.uwTickPrio
                0x24000018        0x4 ../../libdaisy/build\libdaisy.a(stm32h7xx_hal.o)
 .data.__fdlib_version
                0x2400001c        0x1 d:/gnu_arm_embedded_toolchain/10_2020-q4-major/bin/../lib/gcc/arm-none-eabi/10.2.1/../../../../arm-none-eabi/lib/thumb/v7e-m+dp/hard\libm.a(lib_a-s_lib_ver.o)
                0x2400001c                __fdlib_version
 *fill*         0x2400001d        0x3 
 .data._impure_ptr
                0x24000020        0x4 d:/gnu_arm_embedded_toolchain/10_2020-q4-major/bin/../lib/gcc/arm-none-eabi/10.2.1/../../../../arm-none-eabi/lib/thumb/v7e-m+dp/hard\libc_nano.a(lib_a-impure.o)
                0x24000020                _impure_ptr
 .data.impure_data
                0x24000024       0x60 d:/gnu_arm_embedded_toolchain/10_2020-q4-major/bin/../lib/gcc/arm-none-eabi/10.2.1/../../../../arm-none-eabi/lib/thumb/v7e-m+dp/hard\libc_nano.a(lib_a-impure.o)
                0x24000084                . = ALIGN (0x4)
                0x24000084                _edata = .
                [!provide]                PROVIDE (__data_end__ = _edata)
                0x0800cd40                _sidata = LOADADDR (.data)

.igot.plt       0x24000084        0x0 load address 0x0800cdc4
 .igot.plt      0x24000084        0x0 d:/gnu_arm_embedded_toolchain/10_2020-q4-major/bin/../lib/gcc/arm-none-eabi/10.2.1/thumb/v7e-m+dp/hard/crtbegin.o

.bss            0x24000088    0x62e64 load address 0x0800cdc4
                0x24000088                . = ALIGN (0x4)
                0x24000088                _sbss = .
                0x24000088                PROVIDE (__bss_start__ = _sbss)
 *(.bss)
 .bss           0x24000088       0x1c d:/gnu_arm_embedded_toolchain/10_2020-q4-major/bin/../lib/gcc/arm-none-eabi/10.2.1/thumb/v7e-m+dp/hard/crtbegin.o
 *(.bss*)
 .bss.bypass    0x240000a4        0x1 build/flanger_reverb_looper.o
                0x240000a4                bypass
 *fill*         0x240000a5        0x3 
 .bss.del       0x240000a8        0x4 build/flanger_reverb_looper.o
                0x240000a8                del
 .bss.deltarget
                0x240000ac        0x4 build/flanger_reverb_looper.o
                0x240000ac                deltarget
 .bss.drywet    0x240000b0        0x4 build/flanger_reverb_looper.o
                0x240000b0                drywet
 .bss.flanger   0x240000b4      0xf24 build/flanger_reverb_looper.o
                0x240000b4                flanger
 .bss.hw        0x24000fd8      0x6b8 build/flanger_reverb_looper.o
                0x24000fd8                hw
 .bss.len       0x24001690        0x4 build/flanger_reverb_looper.o
                0x24001690                len
 .bss.lfo       0x24001694        0x4 build/flanger_reverb_looper.o
                0x24001694                lfo
 .bss.lfotarget
                0x24001698        0x4 build/flanger_reverb_looper.o
                0x24001698                lfotarget
 .bss.play      0x2400169c        0x1 build/flanger_reverb_looper.o
                0x2400169c                play
 *fill*         0x2400169d        0x3 
 .bss.pos       0x240016a0        0x4 build/flanger_reverb_looper.o
                0x240016a0                pos
 .bss.rec       0x240016a4        0x1 build/flanger_reverb_looper.o
                0x240016a4                rec
 .bss.res       0x240016a5        0x1 build/flanger_reverb_looper.o
                0x240016a5                res
 *fill*         0x240016a6        0x2 
 .bss.tone      0x240016a8       0x1c build/flanger_reverb_looper.o
                0x240016a8                tone
 .bss.verb      0x240016c4    0x60b44 build/flanger_reverb_looper.o
                0x240016c4                verb
 .bss.vfreq     0x24062208       0x34 build/flanger_reverb_looper.o
                0x24062208                vfreq
 .bss.vsend     0x2406223c       0x34 build/flanger_reverb_looper.o
                0x2406223c                vsend
 .bss.vtime     0x24062270       0x34 build/flanger_reverb_looper.o
                0x24062270                vtime
 .bss.wet       0x240622a4        0x4 build/flanger_reverb_looper.o
                0x240622a4                wet
 .bss.FMC_Initialized
                0x240622a8        0x4 ../../libdaisy/build\libdaisy.a(sdram.o)
 *fill*         0x240622ac        0x4 
 .bss.dsy_sdram
                0x240622b0       0x3c ../../libdaisy/build\libdaisy.a(sdram.o)
 .bss._ZN5daisyL12audio_handleE
                0x240622ec       0x30 ../../libdaisy/build\libdaisy.a(audio.o)
 *fill*         0x2406231c        0x4 
 .bss._ZL3adc   0x24062320      0x210 ../../libdaisy/build\libdaisy.a(adc.o)
 .bss._ZN5daisy9I2CHandle4Impl14next_callback_E
                0x24062530        0x4 ../../libdaisy/build\libdaisy.a(i2c.o)
                0x24062530                daisy::I2CHandle::Impl::next_callback_
 .bss._ZN5daisy9I2CHandle4Impl21queued_dma_transfers_E
                0x24062534       0x3c ../../libdaisy/build\libdaisy.a(i2c.o)
                0x24062534                daisy::I2CHandle::Impl::queued_dma_transfers_
 .bss._ZN5daisy9I2CHandle4Impl22dma_active_peripheral_E
                0x24062570        0x1 ../../libdaisy/build\libdaisy.a(i2c.o)
                0x24062570                daisy::I2CHandle::Impl::dma_active_peripheral_
 *fill*         0x24062571        0x3 
 .bss._ZN5daisy9I2CHandle4Impl22next_callback_context_E
                0x24062574        0x4 ../../libdaisy/build\libdaisy.a(i2c.o)
                0x24062574                daisy::I2CHandle::Impl::next_callback_context_
 .bss._ZN5daisyL11i2c_handlesE
                0x24062578      0x340 ../../libdaisy/build\libdaisy.a(i2c.o)
 .bss.qspi_handle
                0x240628b8       0x54 ../../libdaisy/build\libdaisy.a(qspi.o)
 .bss._ZN5daisyL11sai_handlesE
                0x2406290c      0x4b8 ../../libdaisy/build\libdaisy.a(sai.o)
 .bss._ZN5daisy6System4tim_E
                0x24062dc4        0x4 ../../libdaisy/build\libdaisy.a(system.o)
                0x24062dc4                daisy::System::tim_
 .bss.uwTick    0x24062dc8        0x4 ../../libdaisy/build\libdaisy.a(stm32h7xx_hal.o)
 .bss._ZN5daisyL11tim_handlesE
                0x24062dcc      0x120 ../../libdaisy/build\libdaisy.a(tim.o)
 *(COMMON)
                0x24062eec                . = ALIGN (0x4)
                0x24062eec                _ebss = .
                0x24062eec                PROVIDE (__bss_end__ = _ebss)
                [!provide]                PROVIDE (end = .)

.dtcmram_bss    0x20000000        0x0
                0x20000000                . = ALIGN (0x4)
                0x20000000                _sdtcmram_bss = .
                [!provide]                PROVIDE (__dtcmram_bss_start__ = _sdtcmram_bss)
 *(.dtcmram_bss)
 *(.dtcmram_bss*)
                0x20000000                . = ALIGN (0x4)
                0x20000000                _edtcmram_bss = .
                [!provide]                PROVIDE (__dtcmram_bss_end__ = _edtcmram_bss)

.sram1_bss      0x30000000     0x4220
                0x30000000                . = ALIGN (0x4)
                0x30000000                _ssram1_bss = .
                [!provide]                PROVIDE (__sram1_bss_start__ = _sram1_bss)
 *(.sram1_bss)
 .sram1_bss     0x30000000      0x106 ../../libdaisy/build\libdaisy.a(daisy_petal.o)
 *fill*         0x30000106        0x2 
 .sram1_bss     0x30000108     0x4000 ../../libdaisy/build\libdaisy.a(audio.o)
 .sram1_bss     0x30004108      0x118 ../../libdaisy/build\libdaisy.a(adc.o)
 *(.sram1_bss*)
                0x30004220                . = ALIGN (0x4)
                0x30004220                _esram1_bss = .
                [!provide]                PROVIDE (__sram1_bss_end__ = _esram1_bss)

.sdram_bss      0xc0000000  0x36ee800
                0xc0000000                . = ALIGN (0x4)
                0xc0000000                _ssdram_bss = .
                [!provide]                PROVIDE (__sdram_bss_start = _ssdram_bss)
 *(.sdram_bss)
 .sdram_bss     0xc0000000  0x36ee800 build/flanger_reverb_looper.o
                0xc0000000                buf
 *(.sdram_bss*)
                0xc36ee800                . = ALIGN (0x4)
                0xc36ee800                _esdram_bss = .
                [!provide]                PROVIDE (__sdram_bss_end = _esdram_bss)

.qspiflash_text
                0x90000000        0x0
                0x90000000                . = ALIGN (0x4)
                0x90000000                _sqspiflash_text = .
                [!provide]                PROVIDE (__qspiflash_text_start = _sqspiflash_text)
 *(.qspiflash_text)
 *(.qspiflash_text*)
                0x90000000                . = ALIGN (0x4)
                0x90000000                _eqspiflash_text = .
                [!provide]                PROVIDE (__qspiflash_text_end = _eqspiflash_text)

.qspiflash_data
                0x90000000        0x0
                0x90000000                . = ALIGN (0x4)
                0x90000000                _sqspiflash_data = .
                [!provide]                PROVIDE (__qspiflash_data_start = _sqspiflash_data)
 *(.qspiflash_data)
 *(.qspiflash_data*)
                0x90000000                . = ALIGN (0x4)
                0x90000000                _eqspiflash_data = .
                [!provide]                PROVIDE (__qspiflash_data_end = _eqspiflash_data)

.qspiflash_bss  0x90000000        0x0
                0x90000000                . = ALIGN (0x4)
                0x90000000                _sqspiflash_bss = .
                [!provide]                PROVIDE (__qspiflash_bss_start = _sqspiflash_bss)
 *(.qspiflash_bss)
 *(.qspiflash_bss*)
                0x90000000                . = ALIGN (0x4)
                0x90000000                _eqspiflash_bss = .
                [!provide]                PROVIDE (__qspiflash_bss_end = _eqspiflash_bss)

.heap           0x24062eec        0x0
                0x24062eec                . = ALIGN (0x4)
                [!provide]                PROVIDE (__heap_start__ = .)
 *(.heap)
                0x24062eec                . = ALIGN (0x4)
                [!provide]                PROVIDE (__heap_end__ = .)

.reserved_for_stack
                0x24062eec        0x0
                0x24062eec                . = ALIGN (0x4)
                [!provide]                PROVIDE (__reserved_for_stack_start__ = .)
 *(.reserved_for_stack)
                0x24062eec                . = ALIGN (0x4)
                [!provide]                PROVIDE (__reserved_for_stack_end__ = .)

DISCARD
 libc.a(*)
 libm.a(*)
 libgcc.a(*)
OUTPUT(build/flanger_reverb_looper.elf elf32-littlearm)
LOAD linker stubs
LOAD d:/gnu_arm_embedded_toolchain/10_2020-q4-major/bin/../lib/gcc/arm-none-eabi/10.2.1/../../../../arm-none-eabi/lib/thumb/v7e-m+dp/hard\libc.a
LOAD d:/gnu_arm_embedded_toolchain/10_2020-q4-major/bin/../lib/gcc/arm-none-eabi/10.2.1/../../../../arm-none-eabi/lib/thumb/v7e-m+dp/hard\libm.a
LOAD d:/gnu_arm_embedded_toolchain/10_2020-q4-major/bin/../lib/gcc/arm-none-eabi/10.2.1/thumb/v7e-m+dp/hard\libgcc.a

.comment        0x00000000       0x4d
 .comment       0x00000000       0x4d build/startup_stm32h750xx.o
                                 0x4e (size before relaxing)
 .comment       0x0000004d       0x4e build/flanger_reverb_looper.o
 .comment       0x0000004d       0x4e ../../libdaisy/build\libdaisy.a(daisy_petal.o)
 .comment       0x0000004d       0x4e ../../libdaisy/build\libdaisy.a(daisy_seed.o)
 .comment       0x0000004d       0x4e ../../libdaisy/build\libdaisy.a(codec_ak4556.o)
 .comment       0x0000004d       0x4e ../../libdaisy/build\libdaisy.a(sdram.o)
 .comment       0x0000004d       0x4e ../../libdaisy/build\libdaisy.a(audio.o)
 .comment       0x0000004d       0x4e ../../libdaisy/build\libdaisy.a(ctrl.o)
 .comment       0x0000004d       0x4e ../../libdaisy/build\libdaisy.a(encoder.o)
 .comment       0x0000004d       0x4e ../../libdaisy/build\libdaisy.a(parameter.o)
 .comment       0x0000004d       0x4e ../../libdaisy/build\libdaisy.a(switch.o)
 .comment       0x0000004d       0x4e ../../libdaisy/build\libdaisy.a(adc.o)
 .comment       0x0000004d       0x4e ../../libdaisy/build\libdaisy.a(gpio.o)
 .comment       0x0000004d       0x4e ../../libdaisy/build\libdaisy.a(i2c.o)
 .comment       0x0000004d       0x4e ../../libdaisy/build\libdaisy.a(qspi.o)
 .comment       0x0000004d       0x4e ../../libdaisy/build\libdaisy.a(sai.o)
 .comment       0x0000004d       0x4e ../../libdaisy/build\libdaisy.a(system.o)
 .comment       0x0000004d       0x4e ../../libdaisy/build\libdaisy.a(system_stm32h7xx.o)
 .comment       0x0000004d       0x4e ../../libdaisy/build\libdaisy.a(hal_map.o)
 .comment       0x0000004d       0x4e ../../libdaisy/build\libdaisy.a(stm32h7xx_hal.o)
 .comment       0x0000004d       0x4e ../../libdaisy/build\libdaisy.a(stm32h7xx_hal_adc.o)
 .comment       0x0000004d       0x4e ../../libdaisy/build\libdaisy.a(stm32h7xx_hal_adc_ex.o)
 .comment       0x0000004d       0x4e ../../libdaisy/build\libdaisy.a(stm32h7xx_hal_cortex.o)
 .comment       0x0000004d       0x4e ../../libdaisy/build\libdaisy.a(stm32h7xx_hal_dma.o)
 .comment       0x0000004d       0x4e ../../libdaisy/build\libdaisy.a(stm32h7xx_hal_gpio.o)
 .comment       0x0000004d       0x4e ../../libdaisy/build\libdaisy.a(stm32h7xx_hal_i2c.o)
 .comment       0x0000004d       0x4e ../../libdaisy/build\libdaisy.a(stm32h7xx_hal_i2c_ex.o)
 .comment       0x0000004d       0x4e ../../libdaisy/build\libdaisy.a(stm32h7xx_hal_pwr_ex.o)
 .comment       0x0000004d       0x4e ../../libdaisy/build\libdaisy.a(stm32h7xx_hal_qspi.o)
 .comment       0x0000004d       0x4e ../../libdaisy/build\libdaisy.a(stm32h7xx_hal_rcc.o)
 .comment       0x0000004d       0x4e ../../libdaisy/build\libdaisy.a(stm32h7xx_hal_rcc_ex.o)
 .comment       0x0000004d       0x4e ../../libdaisy/build\libdaisy.a(stm32h7xx_hal_sai.o)